Archive member included to satisfy reference by file (symbol)

c:/st/stm32cubeide_1.11.0/stm32cubeide/plugins/com.st.stm32cube.ide.mcu.externaltools.gnu-tools-for-stm32.10.3-2021.10.win32_1.0.100.202210260954/tools/bin/../lib/gcc/arm-none-eabi/10.3.1/../../../../arm-none-eabi/lib/thumb/v7e-m+fp/hard\libc_nano.a(lib_a-errno.o)
                              ./Core/Src/syscalls.o (__errno)
c:/st/stm32cubeide_1.11.0/stm32cubeide/plugins/com.st.stm32cube.ide.mcu.externaltools.gnu-tools-for-stm32.10.3-2021.10.win32_1.0.100.202210260954/tools/bin/../lib/gcc/arm-none-eabi/10.3.1/../../../../arm-none-eabi/lib/thumb/v7e-m+fp/hard\libc_nano.a(lib_a-exit.o)
                              c:/st/stm32cubeide_1.11.0/stm32cubeide/plugins/com.st.stm32cube.ide.mcu.externaltools.gnu-tools-for-stm32.10.3-2021.10.win32_1.0.100.202210260954/tools/bin/../lib/gcc/arm-none-eabi/10.3.1/../../../../arm-none-eabi/lib/thumb/v7e-m+fp/hard/crt0.o (exit)
c:/st/stm32cubeide_1.11.0/stm32cubeide/plugins/com.st.stm32cube.ide.mcu.externaltools.gnu-tools-for-stm32.10.3-2021.10.win32_1.0.100.202210260954/tools/bin/../lib/gcc/arm-none-eabi/10.3.1/../../../../arm-none-eabi/lib/thumb/v7e-m+fp/hard\libc_nano.a(lib_a-impure.o)
                              c:/st/stm32cubeide_1.11.0/stm32cubeide/plugins/com.st.stm32cube.ide.mcu.externaltools.gnu-tools-for-stm32.10.3-2021.10.win32_1.0.100.202210260954/tools/bin/../lib/gcc/arm-none-eabi/10.3.1/../../../../arm-none-eabi/lib/thumb/v7e-m+fp/hard\libc_nano.a(lib_a-exit.o) (_global_impure_ptr)
c:/st/stm32cubeide_1.11.0/stm32cubeide/plugins/com.st.stm32cube.ide.mcu.externaltools.gnu-tools-for-stm32.10.3-2021.10.win32_1.0.100.202210260954/tools/bin/../lib/gcc/arm-none-eabi/10.3.1/../../../../arm-none-eabi/lib/thumb/v7e-m+fp/hard\libc_nano.a(lib_a-init.o)
                              c:/st/stm32cubeide_1.11.0/stm32cubeide/plugins/com.st.stm32cube.ide.mcu.externaltools.gnu-tools-for-stm32.10.3-2021.10.win32_1.0.100.202210260954/tools/bin/../lib/gcc/arm-none-eabi/10.3.1/../../../../arm-none-eabi/lib/thumb/v7e-m+fp/hard/crt0.o (__libc_init_array)
c:/st/stm32cubeide_1.11.0/stm32cubeide/plugins/com.st.stm32cube.ide.mcu.externaltools.gnu-tools-for-stm32.10.3-2021.10.win32_1.0.100.202210260954/tools/bin/../lib/gcc/arm-none-eabi/10.3.1/../../../../arm-none-eabi/lib/thumb/v7e-m+fp/hard\libc_nano.a(lib_a-memset.o)
                              c:/st/stm32cubeide_1.11.0/stm32cubeide/plugins/com.st.stm32cube.ide.mcu.externaltools.gnu-tools-for-stm32.10.3-2021.10.win32_1.0.100.202210260954/tools/bin/../lib/gcc/arm-none-eabi/10.3.1/../../../../arm-none-eabi/lib/thumb/v7e-m+fp/hard/crt0.o (memset)
c:/st/stm32cubeide_1.11.0/stm32cubeide/plugins/com.st.stm32cube.ide.mcu.externaltools.gnu-tools-for-stm32.10.3-2021.10.win32_1.0.100.202210260954/tools/bin/../lib/gcc/arm-none-eabi/10.3.1/../../../../arm-none-eabi/lib/thumb/v7e-m+fp/hard\libc_nano.a(lib_a-printf.o)
                              ./Core/Src/stm32l4xx_it.o (printf)
c:/st/stm32cubeide_1.11.0/stm32cubeide/plugins/com.st.stm32cube.ide.mcu.externaltools.gnu-tools-for-stm32.10.3-2021.10.win32_1.0.100.202210260954/tools/bin/../lib/gcc/arm-none-eabi/10.3.1/../../../../arm-none-eabi/lib/thumb/v7e-m+fp/hard\libc_nano.a(lib_a-findfp.o)
                              c:/st/stm32cubeide_1.11.0/stm32cubeide/plugins/com.st.stm32cube.ide.mcu.externaltools.gnu-tools-for-stm32.10.3-2021.10.win32_1.0.100.202210260954/tools/bin/../lib/gcc/arm-none-eabi/10.3.1/../../../../arm-none-eabi/lib/thumb/v7e-m+fp/hard\libc_nano.a(lib_a-printf.o) (__sinit)
c:/st/stm32cubeide_1.11.0/stm32cubeide/plugins/com.st.stm32cube.ide.mcu.externaltools.gnu-tools-for-stm32.10.3-2021.10.win32_1.0.100.202210260954/tools/bin/../lib/gcc/arm-none-eabi/10.3.1/../../../../arm-none-eabi/lib/thumb/v7e-m+fp/hard\libc_nano.a(lib_a-fwalk.o)
                              c:/st/stm32cubeide_1.11.0/stm32cubeide/plugins/com.st.stm32cube.ide.mcu.externaltools.gnu-tools-for-stm32.10.3-2021.10.win32_1.0.100.202210260954/tools/bin/../lib/gcc/arm-none-eabi/10.3.1/../../../../arm-none-eabi/lib/thumb/v7e-m+fp/hard\libc_nano.a(lib_a-findfp.o) (_fwalk)
c:/st/stm32cubeide_1.11.0/stm32cubeide/plugins/com.st.stm32cube.ide.mcu.externaltools.gnu-tools-for-stm32.10.3-2021.10.win32_1.0.100.202210260954/tools/bin/../lib/gcc/arm-none-eabi/10.3.1/../../../../arm-none-eabi/lib/thumb/v7e-m+fp/hard\libc_nano.a(lib_a-lock.o)
                              c:/st/stm32cubeide_1.11.0/stm32cubeide/plugins/com.st.stm32cube.ide.mcu.externaltools.gnu-tools-for-stm32.10.3-2021.10.win32_1.0.100.202210260954/tools/bin/../lib/gcc/arm-none-eabi/10.3.1/../../../../arm-none-eabi/lib/thumb/v7e-m+fp/hard\libc_nano.a(lib_a-findfp.o) (__retarget_lock_init_recursive)
c:/st/stm32cubeide_1.11.0/stm32cubeide/plugins/com.st.stm32cube.ide.mcu.externaltools.gnu-tools-for-stm32.10.3-2021.10.win32_1.0.100.202210260954/tools/bin/../lib/gcc/arm-none-eabi/10.3.1/../../../../arm-none-eabi/lib/thumb/v7e-m+fp/hard\libc_nano.a(lib_a-nano-mallocr.o)
[...]
Memory Configuration

Name             Origin             Length             Attributes
RAM              0x0000000020000000 0x0000000000018000 xrw
RAM2             0x0000000010000000 0x0000000000008000 xrw
FLASH            0x0000000008000000 0x0000000000100000 xr
*default*        0x0000000000000000 0xffffffffffffffff

Linker script and memory map

LOAD c:/st/stm32cubeide_1.11.0/stm32cubeide/plugins/com.st.stm32cube.ide.mcu.externaltools.gnu-tools-for-stm32.10.3-2021.10.win32_1.0.100.202210260954/tools/bin/../lib/gcc/arm-none-eabi/10.3.1/thumb/v7e-m+fp/hard/crti.o
LOAD c:/st/stm32cubeide_1.11.0/stm32cubeide/plugins/com.st.stm32cube.ide.mcu.externaltools.gnu-tools-for-stm32.10.3-2021.10.win32_1.0.100.202210260954/tools/bin/../lib/gcc/arm-none-eabi/10.3.1/thumb/v7e-m+fp/hard/crtbegin.o
LOAD c:/st/stm32cubeide_1.11.0/stm32cubeide/plugins/com.st.stm32cube.ide.mcu.externaltools.gnu-tools-for-stm32.10.3-2021.10.win32_1.0.100.202210260954/tools/bin/../lib/gcc/arm-none-eabi/10.3.1/../../../../arm-none-eabi/lib/thumb/v7e-m+fp/hard/crt0.o
LOAD ./Core/Src/main.o
LOAD ./Core/Src/stm32l4xx_hal_msp.o
LOAD ./Core/Src/stm32l4xx_it.o
LOAD ./Core/Src/syscalls.o
LOAD ./Core/Src/sysmem.o
LOAD ./Core/Src/system_stm32l4xx.o
LOAD ./Core/Startup/startup_stm32l476rgtx.o
LOAD ./Drivers/STM32L4xx_HAL_Driver/Src/stm32l4xx_hal.o
LOAD ./Drivers/STM32L4xx_HAL_Driver/Src/stm32l4xx_hal_cortex.o
LOAD ./Drivers/STM32L4xx_HAL_Driver/Src/stm32l4xx_hal_dma.o
LOAD ./Drivers/STM32L4xx_HAL_Driver/Src/stm32l4xx_hal_dma_ex.o
LOAD ./Drivers/STM32L4xx_HAL_Driver/Src/stm32l4xx_hal_exti.o
LOAD ./Drivers/STM32L4xx_HAL_Driver/Src/stm32l4xx_hal_flash.o
LOAD ./Drivers/STM32L4xx_HAL_Driver/Src/stm32l4xx_hal_flash_ex.o
LOAD ./Drivers/STM32L4xx_HAL_Driver/Src/stm32l4xx_hal_flash_ramfunc.o
LOAD ./Drivers/STM32L4xx_HAL_Driver/Src/stm32l4xx_hal_gpio.o
LOAD ./Drivers/STM32L4xx_HAL_Driver/Src/stm32l4xx_hal_i2c.o
LOAD ./Drivers/STM32L4xx_HAL_Driver/Src/stm32l4xx_hal_i2c_ex.o
LOAD ./Drivers/STM32L4xx_HAL_Driver/Src/stm32l4xx_hal_pwr.o
LOAD ./Drivers/STM32L4xx_HAL_Driver/Src/stm32l4xx_hal_pwr_ex.o
LOAD ./Drivers/STM32L4xx_HAL_Driver/Src/stm32l4xx_hal_rcc.o
LOAD ./Drivers/STM32L4xx_HAL_Driver/Src/stm32l4xx_hal_rcc_ex.o
LOAD ./Drivers/STM32L4xx_HAL_Driver/Src/stm32l4xx_hal_rtc.o
LOAD ./Drivers/STM32L4xx_HAL_Driver/Src/stm32l4xx_hal_rtc_ex.o
LOAD ./Drivers/STM32L4xx_HAL_Driver/Src/stm32l4xx_hal_tim.o
LOAD ./Drivers/STM32L4xx_HAL_Driver/Src/stm32l4xx_hal_tim_ex.o
START GROUP
LOAD c:/st/stm32cubeide_1.11.0/stm32cubeide/plugins/com.st.stm32cube.ide.mcu.externaltools.gnu-tools-for-stm32.10.3-2021.10.win32_1.0.100.202210260954/tools/bin/../lib/gcc/arm-none-eabi/10.3.1/../../../../arm-none-eabi/lib/thumb/v7e-m+fp/hard\libc_nano.a
LOAD c:/st/stm32cubeide_1.11.0/stm32cubeide/plugins/com.st.stm32cube.ide.mcu.externaltools.gnu-tools-for-stm32.10.3-2021.10.win32_1.0.100.202210260954/tools/bin/../lib/gcc/arm-none-eabi/10.3.1/../../../../arm-none-eabi/lib/thumb/v7e-m+fp/hard\libm.a
END GROUP
START GROUP
LOAD c:/st/stm32cubeide_1.11.0/stm32cubeide/plugins/com.st.stm32cube.ide.mcu.externaltools.gnu-tools-for-stm32.10.3-2021.10.win32_1.0.100.202210260954/tools/bin/../lib/gcc/arm-none-eabi/10.3.1/thumb/v7e-m+fp/hard\libgcc.a
LOAD c:/st/stm32cubeide_1.11.0/stm32cubeide/plugins/com.st.stm32cube.ide.mcu.externaltools.gnu-tools-for-stm32.10.3-2021.10.win32_1.0.100.202210260954/tools/bin/../lib/gcc/arm-none-eabi/10.3.1/../../../../arm-none-eabi/lib/thumb/v7e-m+fp/hard\libc_nano.a
END GROUP
START GROUP
LOAD c:/st/stm32cubeide_1.11.0/stm32cubeide/plugins/com.st.stm32cube.ide.mcu.externaltools.gnu-tools-for-stm32.10.3-2021.10.win32_1.0.100.202210260954/tools/bin/../lib/gcc/arm-none-eabi/10.3.1/thumb/v7e-m+fp/hard\libgcc.a
LOAD c:/st/stm32cubeide_1.11.0/stm32cubeide/plugins/com.st.stm32cube.ide.mcu.externaltools.gnu-tools-for-stm32.10.3-2021.10.win32_1.0.100.202210260954/tools/bin/../lib/gcc/arm-none-eabi/10.3.1/../../../../arm-none-eabi/lib/thumb/v7e-m+fp/hard\libc_nano.a
LOAD c:/st/stm32cubeide_1.11.0/stm32cubeide/plugins/com.st.stm32cube.ide.mcu.externaltools.gnu-tools-for-stm32.10.3-2021.10.win32_1.0.100.202210260954/tools/bin/../lib/gcc/arm-none-eabi/10.3.1/../../../../arm-none-eabi/lib/thumb/v7e-m+fp/hard\libnosys.a
END GROUP
START GROUP
LOAD c:/st/stm32cubeide_1.11.0/stm32cubeide/plugins/com.st.stm32cube.ide.mcu.externaltools.gnu-tools-for-stm32.10.3-2021.10.win32_1.0.100.202210260954/tools/bin/../lib/gcc/arm-none-eabi/10.3.1/thumb/v7e-m+fp/hard\libgcc.a
LOAD c:/st/stm32cubeide_1.11.0/stm32cubeide/plugins/com.st.stm32cube.ide.mcu.externaltools.gnu-tools-for-stm32.10.3-2021.10.win32_1.0.100.202210260954/tools/bin/../lib/gcc/arm-none-eabi/10.3.1/../../../../arm-none-eabi/lib/thumb/v7e-m+fp/hard\libc_nano.a
LOAD c:/st/stm32cubeide_1.11.0/stm32cubeide/plugins/com.st.stm32cube.ide.mcu.externaltools.gnu-tools-for-stm32.10.3-2021.10.win32_1.0.100.202210260954/tools/bin/../lib/gcc/arm-none-eabi/10.3.1/../../../../arm-none-eabi/lib/thumb/v7e-m+fp/hard\libnosys.a
END GROUP
LOAD c:/st/stm32cubeide_1.11.0/stm32cubeide/plugins/com.st.stm32cube.ide.mcu.externaltools.gnu-tools-for-stm32.10.3-2021.10.win32_1.0.100.202210260954/tools/bin/../lib/gcc/arm-none-eabi/10.3.1/thumb/v7e-m+fp/hard/crtend.o
LOAD c:/st/stm32cubeide_1.11.0/stm32cubeide/plugins/com.st.stm32cube.ide.mcu.externaltools.gnu-tools-for-stm32.10.3-2021.10.win32_1.0.100.202210260954/tools/bin/../lib/gcc/arm-none-eabi/10.3.1/thumb/v7e-m+fp/hard/crtn.o
                0x0000000020018000                _estack = (ORIGIN (RAM) + LENGTH (RAM))
                0x0000000000000200                _Min_Heap_Size = 0x200
                0x0000000000000400                _Min_Stack_Size = 0x400

.isr_vector     0x0000000008000000      0x188
                0x0000000008000000                . = ALIGN (0x4)
 *(.isr_vector)
 .isr_vector    0x0000000008000000      0x188 ./Core/Startup/startup_stm32l476rgtx.o
                0x0000000008000000                g_pfnVectors
                0x0000000008000188                . = ALIGN (0x4)

.text           0x0000000008000190     0x4288
                0x0000000008000190                . = ALIGN (0x4)
 *(.text)
 .text          0x0000000008000190       0x40 c:/st/stm32cubeide_1.11.0/stm32cubeide/plugins/com.st.stm32cube.ide.mcu.externaltools.gnu-tools-for-stm32.10.3-2021.10.win32_1.0.100.202210260954/tools/bin/../lib/gcc/arm-none-eabi/10.3.1/thumb/v7e-m+fp/hard/crtbegin.o
 .text          0x00000000080001d0       0xa0 c:/st/stm32cubeide_1.11.0/stm32cubeide/plugins/com.st.stm32cube.ide.mcu.externaltools.gnu-tools-for-stm32.10.3-2021.10.win32_1.0.100.202210260954/tools/bin/../lib/gcc/arm-none-eabi/10.3.1/../../../../arm-none-eabi/lib/thumb/v7e-m+fp/hard\libc_nano.a(lib_a-memchr.o)
                0x00000000080001d0                memchr
 *(.text*)
 .text.main     0x0000000008000270       0x34 ./Core/Src/main.o
                0x0000000008000270                main
 .text.SystemClock_Config
                0x00000000080002a4       0xbc ./Core/Src/main.o
                0x00000000080002a4                SystemClock_Config
 .text.MX_RTC_Init
                0x0000000008000360       0x50 ./Core/Src/main.o
 .text.MX_TIM2_Init
                0x00000000080003b0       0xb8 ./Core/Src/main.o
 .text.MX_TIM3_Init
                0x0000000008000468       0xa8 ./Core/Src/main.o
 .text.MX_GPIO_Init
                0x0000000008000510      0x108 ./Core/Src/main.o
 .text.Error_Handler
                0x0000000008000618        0xa ./Core/Src/main.o
                0x0000000008000618                Error_Handler
 *fill*         0x0000000008000622        0x2 
 .text.HAL_MspInit
                0x0000000008000624       0x48 ./Core/Src/stm32l4xx_hal_msp.o
                0x0000000008000624                HAL_MspInit
 .text.HAL_RTC_MspInit
                0x000000000800066c       0x74 ./Core/Src/stm32l4xx_hal_msp.o
                0x000000000800066c                HAL_RTC_MspInit
 .text.HAL_TIM_Base_MspInit
                0x00000000080006e0       0xcc ./Core/Src/stm32l4xx_hal_msp.o
                0x00000000080006e0                HAL_TIM_Base_MspInit
 .text.NMI_Handler
                0x00000000080007ac        0x6 ./Core/Src/stm32l4xx_it.o
                0x00000000080007ac                NMI_Handler
 .text.HardFault_Handler
                0x00000000080007b2        0x6 ./Core/Src/stm32l4xx_it.o
                0x00000000080007b2                HardFault_Handler
 .text.MemManage_Handler
                0x00000000080007b8        0x6 ./Core/Src/stm32l4xx_it.o
                0x00000000080007b8                MemManage_Handler
 .text.BusFault_Handler
                0x00000000080007be        0x6 ./Core/Src/stm32l4xx_it.o
                0x00000000080007be                BusFault_Handler
 .text.UsageFault_Handler
                0x00000000080007c4        0x6 ./Core/Src/stm32l4xx_it.o
                0x00000000080007c4                UsageFault_Handler
 .text.SVC_Handler
                0x00000000080007ca        0xe ./Core/Src/stm32l4xx_it.o
                0x00000000080007ca                SVC_Handler
 .text.DebugMon_Handler
                0x00000000080007d8        0xe ./Core/Src/stm32l4xx_it.o
                0x00000000080007d8                DebugMon_Handler
 .text.PendSV_Handler
                0x00000000080007e6        0xe ./Core/Src/stm32l4xx_it.o
                0x00000000080007e6                PendSV_Handler
 .text.SysTick_Handler
                0x00000000080007f4        0xc ./Core/Src/stm32l4xx_it.o
                0x00000000080007f4                SysTick_Handler
 .text.RTC_WKUP_IRQHandler
                0x0000000008000800       0x14 ./Core/Src/stm32l4xx_it.o
                0x0000000008000800                RTC_WKUP_IRQHandler
 .text.TIM2_IRQHandler
                0x0000000008000814       0x14 ./Core/Src/stm32l4xx_it.o
                0x0000000008000814                TIM2_IRQHandler
 .text.TIM3_IRQHandler
                0x0000000008000828       0x98 ./Core/Src/stm32l4xx_it.o
                0x0000000008000828                TIM3_IRQHandler
 .text._read    0x00000000080008c0       0x3a ./Core/Src/syscalls.o
                0x00000000080008c0                _read
 .text._write   0x00000000080008fa       0x38 ./Core/Src/syscalls.o
                0x00000000080008fa                _write
 .text._close   0x0000000008000932       0x18 ./Core/Src/syscalls.o
                0x0000000008000932                _close
 .text._fstat   0x000000000800094a       0x20 ./Core/Src/syscalls.o
                0x000000000800094a                _fstat
 .text._isatty  0x000000000800096a       0x16 ./Core/Src/syscalls.o
                0x000000000800096a                _isatty
 .text._lseek   0x0000000008000980       0x1a ./Core/Src/syscalls.o
                0x0000000008000980                _lseek
 *fill*         0x000000000800099a        0x2 
 .text._sbrk    0x000000000800099c       0x6c ./Core/Src/sysmem.o
                0x000000000800099c                _sbrk
 .text.SystemInit
                0x0000000008000a08       0x24 ./Core/Src/system_stm32l4xx.o
                0x0000000008000a08                SystemInit
 .text.Reset_Handler
                0x0000000008000a2c       0x50 ./Core/Startup/startup_stm32l476rgtx.o
                0x0000000008000a2c                Reset_Handler
 .text.Default_Handler
                0x0000000008000a7c        0x2 ./Core/Startup/startup_stm32l476rgtx.o
                0x0000000008000a7c                RTC_Alarm_IRQHandler
                0x0000000008000a7c                EXTI2_IRQHandler
                0x0000000008000a7c                TIM8_TRG_COM_IRQHandler
                0x0000000008000a7c                TIM8_CC_IRQHandler
                0x0000000008000a7c                TIM1_CC_IRQHandler
                0x0000000008000a7c                TSC_IRQHandler
                0x0000000008000a7c                TAMP_STAMP_IRQHandler
                0x0000000008000a7c                EXTI3_IRQHandler
                0x0000000008000a7c                LPTIM2_IRQHandler
                0x0000000008000a7c                DFSDM1_FLT1_IRQHandler
                0x0000000008000a7c                I2C3_ER_IRQHandler
                0x0000000008000a7c                DFSDM1_FLT2_IRQHandler
                0x0000000008000a7c                EXTI0_IRQHandler
                0x0000000008000a7c                I2C2_EV_IRQHandler
                0x0000000008000a7c                CAN1_RX0_IRQHandler
                0x0000000008000a7c                FPU_IRQHandler
                0x0000000008000a7c                TIM1_UP_TIM16_IRQHandler
                0x0000000008000a7c                ADC1_2_IRQHandler
                0x0000000008000a7c                SPI1_IRQHandler
                0x0000000008000a7c                TIM6_DAC_IRQHandler
                0x0000000008000a7c                TIM8_UP_IRQHandler
                0x0000000008000a7c                DMA2_Channel2_IRQHandler
                0x0000000008000a7c                DMA1_Channel4_IRQHandler
                0x0000000008000a7c                SAI2_IRQHandler
                0x0000000008000a7c                DFSDM1_FLT3_IRQHandler
                0x0000000008000a7c                USART3_IRQHandler
                0x0000000008000a7c                DMA1_Channel7_IRQHandler
                0x0000000008000a7c                CAN1_RX1_IRQHandler
                0x0000000008000a7c                LCD_IRQHandler
                0x0000000008000a7c                UART5_IRQHandler
                0x0000000008000a7c                ADC3_IRQHandler
                0x0000000008000a7c                TIM4_IRQHandler
                0x0000000008000a7c                DMA2_Channel1_IRQHandler
                0x0000000008000a7c                QUADSPI_IRQHandler
                0x0000000008000a7c                I2C1_EV_IRQHandler
                0x0000000008000a7c                DMA1_Channel6_IRQHandler
                0x0000000008000a7c                UART4_IRQHandler
                0x0000000008000a7c                DMA2_Channel4_IRQHandler
                0x0000000008000a7c                RCC_IRQHandler
                0x0000000008000a7c                DMA1_Channel1_IRQHandler
                0x0000000008000a7c                Default_Handler
                0x0000000008000a7c                DMA2_Channel7_IRQHandler
                0x0000000008000a7c                EXTI15_10_IRQHandler
                0x0000000008000a7c                TIM7_IRQHandler
                0x0000000008000a7c                SDMMC1_IRQHandler
                0x0000000008000a7c                TIM5_IRQHandler
                0x0000000008000a7c                I2C3_EV_IRQHandler
                0x0000000008000a7c                EXTI9_5_IRQHandler
                0x0000000008000a7c                PVD_PVM_IRQHandler
                0x0000000008000a7c                SPI2_IRQHandler
                0x0000000008000a7c                CAN1_TX_IRQHandler
                0x0000000008000a7c                DMA2_Channel5_IRQHandler
                0x0000000008000a7c                DMA1_Channel5_IRQHandler
                0x0000000008000a7c                EXTI4_IRQHandler
                0x0000000008000a7c                RNG_IRQHandler
                0x0000000008000a7c                TIM1_TRG_COM_TIM17_IRQHandler
                0x0000000008000a7c                DMA1_Channel3_IRQHandler
                0x0000000008000a7c                COMP_IRQHandler
                0x0000000008000a7c                WWDG_IRQHandler
                0x0000000008000a7c                LPUART1_IRQHandler
                0x0000000008000a7c                DMA2_Channel6_IRQHandler
                0x0000000008000a7c                EXTI1_IRQHandler
                0x0000000008000a7c                USART2_IRQHandler
                0x0000000008000a7c                DFSDM1_FLT0_IRQHandler
                0x0000000008000a7c                I2C2_ER_IRQHandler
                0x0000000008000a7c                DMA1_Channel2_IRQHandler
                0x0000000008000a7c                TIM8_BRK_IRQHandler
                0x0000000008000a7c                CAN1_SCE_IRQHandler
                0x0000000008000a7c                FLASH_IRQHandler
                0x0000000008000a7c                USART1_IRQHandler
                0x0000000008000a7c                OTG_FS_IRQHandler
                0x0000000008000a7c                SPI3_IRQHandler
                0x0000000008000a7c                I2C1_ER_IRQHandler
                0x0000000008000a7c                FMC_IRQHandler
                0x0000000008000a7c                SWPMI1_IRQHandler
                0x0000000008000a7c                LPTIM1_IRQHandler
                0x0000000008000a7c                SAI1_IRQHandler
                0x0000000008000a7c                DMA2_Channel3_IRQHandler
                0x0000000008000a7c                TIM1_BRK_TIM15_IRQHandler
 *fill*         0x0000000008000a7e        0x2 
 .text.HAL_Init
                0x0000000008000a80       0x40 ./Drivers/STM32L4xx_HAL_Driver/Src/stm32l4xx_hal.o
                0x0000000008000a80                HAL_Init
 .text.HAL_InitTick
                0x0000000008000ac0       0x78 ./Drivers/STM32L4xx_HAL_Driver/Src/stm32l4xx_hal.o
                0x0000000008000ac0                HAL_InitTick
 .text.HAL_IncTick
                0x0000000008000b38       0x28 ./Drivers/STM32L4xx_HAL_Driver/Src/stm32l4xx_hal.o
                0x0000000008000b38                HAL_IncTick
 .text.HAL_GetTick
                0x0000000008000b60       0x18 ./Drivers/STM32L4xx_HAL_Driver/Src/stm32l4xx_hal.o
                0x0000000008000b60                HAL_GetTick
 .text.__NVIC_SetPriorityGrouping
                0x0000000008000b78       0x48 ./Drivers/STM32L4xx_HAL_Driver/Src/stm32l4xx_hal_cortex.o
 .text.__NVIC_GetPriorityGrouping
                0x0000000008000bc0       0x1c ./Drivers/STM32L4xx_HAL_Driver/Src/stm32l4xx_hal_cortex.o
 .text.__NVIC_EnableIRQ
                0x0000000008000bdc       0x3c ./Drivers/STM32L4xx_HAL_Driver/Src/stm32l4xx_hal_cortex.o
 .text.__NVIC_SetPriority
                0x0000000008000c18       0x54 ./Drivers/STM32L4xx_HAL_Driver/Src/stm32l4xx_hal_cortex.o
 .text.NVIC_EncodePriority
                0x0000000008000c6c       0x66 ./Drivers/STM32L4xx_HAL_Driver/Src/stm32l4xx_hal_cortex.o
 *fill*         0x0000000008000cd2        0x2 
 .text.SysTick_Config
                0x0000000008000cd4       0x44 ./Drivers/STM32L4xx_HAL_Driver/Src/stm32l4xx_hal_cortex.o
 .text.HAL_NVIC_SetPriorityGrouping
                0x0000000008000d18       0x16 ./Drivers/STM32L4xx_HAL_Driver/Src/stm32l4xx_hal_cortex.o
                0x0000000008000d18                HAL_NVIC_SetPriorityGrouping
 .text.HAL_NVIC_SetPriority
                0x0000000008000d2e       0x38 ./Drivers/STM32L4xx_HAL_Driver/Src/stm32l4xx_hal_cortex.o
                0x0000000008000d2e                HAL_NVIC_SetPriority
 .text.HAL_NVIC_EnableIRQ
                0x0000000008000d66       0x1c ./Drivers/STM32L4xx_HAL_Driver/Src/stm32l4xx_hal_cortex.o
                0x0000000008000d66                HAL_NVIC_EnableIRQ
 .text.HAL_SYSTICK_Config
                0x0000000008000d82       0x18 ./Drivers/STM32L4xx_HAL_Driver/Src/stm32l4xx_hal_cortex.o
                0x0000000008000d82                HAL_SYSTICK_Config
 *fill*         0x0000000008000d9a        0x2 
 .text.HAL_GPIO_Init
                0x0000000008000d9c      0x354 ./Drivers/STM32L4xx_HAL_Driver/Src/stm32l4xx_hal_gpio.o
                0x0000000008000d9c                HAL_GPIO_Init
 .text.HAL_GPIO_WritePin
                0x00000000080010f0       0x30 ./Drivers/STM32L4xx_HAL_Driver/Src/stm32l4xx_hal_gpio.o
                0x00000000080010f0                HAL_GPIO_WritePin
 .text.HAL_PWR_EnableBkUpAccess
                0x0000000008001120       0x20 ./Drivers/STM32L4xx_HAL_Driver/Src/stm32l4xx_hal_pwr.o
                0x0000000008001120                HAL_PWR_EnableBkUpAccess
 .text.HAL_PWREx_GetVoltageRange
                0x0000000008001140       0x1c ./Drivers/STM32L4xx_HAL_Driver/Src/stm32l4xx_hal_pwr_ex.o
                0x0000000008001140                HAL_PWREx_GetVoltageRange
 .text.HAL_PWREx_ControlVoltageScaling
                0x000000000800115c       0xac ./Drivers/STM32L4xx_HAL_Driver/Src/stm32l4xx_hal_pwr_ex.o
                0x000000000800115c                HAL_PWREx_ControlVoltageScaling
 .text.HAL_RCC_OscConfig
                0x0000000008001208      0x7b8 ./Drivers/STM32L4xx_HAL_Driver/Src/stm32l4xx_hal_rcc.o
                0x0000000008001208                HAL_RCC_OscConfig
 .text.HAL_RCC_ClockConfig
                0x00000000080019c0      0x200 ./Drivers/STM32L4xx_HAL_Driver/Src/stm32l4xx_hal_rcc.o
                0x00000000080019c0                HAL_RCC_ClockConfig
 .text.HAL_RCC_GetSysClockFreq
                0x0000000008001bc0      0x118 ./Drivers/STM32L4xx_HAL_Driver/Src/stm32l4xx_hal_rcc.o
                0x0000000008001bc0                HAL_RCC_GetSysClockFreq
 .text.RCC_SetFlashLatencyFromMSIRange
                0x0000000008001cd8       0xc0 ./Drivers/STM32L4xx_HAL_Driver/Src/stm32l4xx_hal_rcc.o
 .text.HAL_RCCEx_PeriphCLKConfig
                0x0000000008001d98      0x5d4 ./Drivers/STM32L4xx_HAL_Driver/Src/stm32l4xx_hal_rcc_ex.o
                0x0000000008001d98                HAL_RCCEx_PeriphCLKConfig
 .text.RCCEx_PLLSAI1_Config
                0x000000000800236c      0x1e8 ./Drivers/STM32L4xx_HAL_Driver/Src/stm32l4xx_hal_rcc_ex.o
 .text.RCCEx_PLLSAI2_Config
                0x0000000008002554      0x1bc ./Drivers/STM32L4xx_HAL_Driver/Src/stm32l4xx_hal_rcc_ex.o
 .text.HAL_RTC_Init
                0x0000000008002710       0xf6 ./Drivers/STM32L4xx_HAL_Driver/Src/stm32l4xx_hal_rtc.o
                0x0000000008002710                HAL_RTC_Init
 .text.HAL_RTC_WaitForSynchro
                0x0000000008002806       0x4c ./Drivers/STM32L4xx_HAL_Driver/Src/stm32l4xx_hal_rtc.o
                0x0000000008002806                HAL_RTC_WaitForSynchro
 .text.RTC_EnterInitMode
                0x0000000008002852       0x66 ./Drivers/STM32L4xx_HAL_Driver/Src/stm32l4xx_hal_rtc.o
                0x0000000008002852                RTC_EnterInitMode
 .text.RTC_ExitInitMode
                0x00000000080028b8       0x7c ./Drivers/STM32L4xx_HAL_Driver/Src/stm32l4xx_hal_rtc.o
                0x00000000080028b8                RTC_ExitInitMode
 .text.HAL_RTCEx_WakeUpTimerIRQHandler
                0x0000000008002934       0x4c ./Drivers/STM32L4xx_HAL_Driver/Src/stm32l4xx_hal_rtc_ex.o
                0x0000000008002934                HAL_RTCEx_WakeUpTimerIRQHandler
 .text.HAL_RTCEx_WakeUpTimerEventCallback
                0x0000000008002980       0x14 ./Drivers/STM32L4xx_HAL_Driver/Src/stm32l4xx_hal_rtc_ex.o
                0x0000000008002980                HAL_RTCEx_WakeUpTimerEventCallback
 .text.HAL_TIM_Base_Init
                0x0000000008002994       0xae ./Drivers/STM32L4xx_HAL_Driver/Src/stm32l4xx_hal_tim.o
                0x0000000008002994                HAL_TIM_Base_Init
 *fill*         0x0000000008002a42        0x2 
 .text.HAL_TIM_Base_Start
                0x0000000008002a44       0xd0 ./Drivers/STM32L4xx_HAL_Driver/Src/stm32l4xx_hal_tim.o
                0x0000000008002a44                HAL_TIM_Base_Start
 .text.HAL_TIM_Base_Start_IT
                0x0000000008002b14       0xe0 ./Drivers/STM32L4xx_HAL_Driver/Src/stm32l4xx_hal_tim.o
                0x0000000008002b14                HAL_TIM_Base_Start_IT
 .text.HAL_TIM_IRQHandler
                0x0000000008002bf4      0x23e ./Drivers/STM32L4xx_HAL_Driver/Src/stm32l4xx_hal_tim.o
                0x0000000008002bf4                HAL_TIM_IRQHandler
 .text.HAL_TIM_ConfigClockSource
                0x0000000008002e32      0x192 ./Drivers/STM32L4xx_HAL_Driver/Src/stm32l4xx_hal_tim.o
                0x0000000008002e32                HAL_TIM_ConfigClockSource
 .text.HAL_TIM_PeriodElapsedCallback
                0x0000000008002fc4       0x14 ./Drivers/STM32L4xx_HAL_Driver/Src/stm32l4xx_hal_tim.o
                0x0000000008002fc4                HAL_TIM_PeriodElapsedCallback
 .text.HAL_TIM_OC_DelayElapsedCallback
                0x0000000008002fd8       0x14 ./Drivers/STM32L4xx_HAL_Driver/Src/stm32l4xx_hal_tim.o
                0x0000000008002fd8                HAL_TIM_OC_DelayElapsedCallback
 .text.HAL_TIM_IC_CaptureCallback
                0x0000000008002fec       0x14 ./Drivers/STM32L4xx_HAL_Driver/Src/stm32l4xx_hal_tim.o
                0x0000000008002fec                HAL_TIM_IC_CaptureCallback
 .text.HAL_TIM_PWM_PulseFinishedCallback
                0x0000000008003000       0x14 ./Drivers/STM32L4xx_HAL_Driver/Src/stm32l4xx_hal_tim.o
                0x0000000008003000                HAL_TIM_PWM_PulseFinishedCallback
 .text.HAL_TIM_TriggerCallback
                0x0000000008003014       0x14 ./Drivers/STM32L4xx_HAL_Driver/Src/stm32l4xx_hal_tim.o
                0x0000000008003014                HAL_TIM_TriggerCallback
 .text.TIM_Base_SetConfig
                0x0000000008003028      0x134 ./Drivers/STM32L4xx_HAL_Driver/Src/stm32l4xx_hal_tim.o
                0x0000000008003028                TIM_Base_SetConfig
 .text.TIM_TI1_ConfigInputStage
                0x000000000800315c       0x5e ./Drivers/STM32L4xx_HAL_Driver/Src/stm32l4xx_hal_tim.o
 .text.TIM_TI2_ConfigInputStage
                0x00000000080031ba       0x60 ./Drivers/STM32L4xx_HAL_Driver/Src/stm32l4xx_hal_tim.o
 .text.TIM_ITRx_SetConfig
                0x000000000800321a       0x36 ./Drivers/STM32L4xx_HAL_Driver/Src/stm32l4xx_hal_tim.o
 .text.TIM_ETR_SetConfig
                0x0000000008003250       0x40 ./Drivers/STM32L4xx_HAL_Driver/Src/stm32l4xx_hal_tim.o
                0x0000000008003250                TIM_ETR_SetConfig
 .text.HAL_TIMEx_MasterConfigSynchronization
                0x0000000008003290      0x110 ./Drivers/STM32L4xx_HAL_Driver/Src/stm32l4xx_hal_tim_ex.o
                0x0000000008003290                HAL_TIMEx_MasterConfigSynchronization
 .text.HAL_TIMEx_RemapConfig
                0x00000000080033a0       0xa4 ./Drivers/STM32L4xx_HAL_Driver/Src/stm32l4xx_hal_tim_ex.o
                0x00000000080033a0                HAL_TIMEx_RemapConfig
 .text.HAL_TIMEx_CommutCallback
                0x0000000008003444       0x14 ./Drivers/STM32L4xx_HAL_Driver/Src/stm32l4xx_hal_tim_ex.o
                0x0000000008003444                HAL_TIMEx_CommutCallback
 .text.HAL_TIMEx_BreakCallback
                0x0000000008003458       0x14 ./Drivers/STM32L4xx_HAL_Driver/Src/stm32l4xx_hal_tim_ex.o
                0x0000000008003458                HAL_TIMEx_BreakCallback
 .text.HAL_TIMEx_Break2Callback
                0x000000000800346c       0x14 ./Drivers/STM32L4xx_HAL_Driver/Src/stm32l4xx_hal_tim_ex.o
                0x000000000800346c                HAL_TIMEx_Break2Callback
 .text.__errno  0x0000000008003480        0xc c:/st/stm32cubeide_1.11.0/stm32cubeide/plugins/com.st.stm32cube.ide.mcu.externaltools.gnu-tools-for-stm32.10.3-2021.10.win32_1.0.100.202210260954/tools/bin/../lib/gcc/arm-none-eabi/10.3.1/../../../../arm-none-eabi/lib/thumb/v7e-m+fp/hard\libc_nano.a(lib_a-errno.o)
                0x0000000008003480                __errno
 .text.__libc_init_array
                0x000000000800348c       0x48 c:/st/stm32cubeide_1.11.0/stm32cubeide/plugins/com.st.stm32cube.ide.mcu.externaltools.gnu-tools-for-stm32.10.3-2021.10.win32_1.0.100.202210260954/tools/bin/../lib/gcc/arm-none-eabi/10.3.1/../../../../arm-none-eabi/lib/thumb/v7e-m+fp/hard\libc_nano.a(lib_a-init.o)
                0x000000000800348c                __libc_init_array
 .text.memset   0x00000000080034d4       0x10 c:/st/stm32cubeide_1.11.0/stm32cubeide/plugins/com.st.stm32cube.ide.mcu.externaltools.gnu-tools-for-stm32.10.3-2021.10.win32_1.0.100.202210260954/tools/bin/../lib/gcc/arm-none-eabi/10.3.1/../../../../arm-none-eabi/lib/thumb/v7e-m+fp/hard\libc_nano.a(lib_a-memset.o)
                0x00000000080034d4                memset
 .text.printf   0x00000000080034e4       0x30 c:/st/stm32cubeide_1.11.0/stm32cubeide/plugins/com.st.stm32cube.ide.mcu.externaltools.gnu-tools-for-stm32.10.3-2021.10.win32_1.0.100.202210260954/tools/bin/../lib/gcc/arm-none-eabi/10.3.1/../../../../arm-none-eabi/lib/thumb/v7e-m+fp/hard\libc_nano.a(lib_a-printf.o)
                0x00000000080034e4                iprintf
                0x00000000080034e4                printf
 .text.std      0x0000000008003514       0x48 c:/st/stm32cubeide_1.11.0/stm32cubeide/plugins/com.st.stm32cube.ide.mcu.externaltools.gnu-tools-for-stm32.10.3-2021.10.win32_1.0.100.202210260954/tools/bin/../lib/gcc/arm-none-eabi/10.3.1/../../../../arm-none-eabi/lib/thumb/v7e-m+fp/hard\libc_nano.a(lib_a-findfp.o)
 .text._cleanup_r
                0x000000000800355c        0xc c:/st/stm32cubeide_1.11.0/stm32cubeide/plugins/com.st.stm32cube.ide.mcu.externaltools.gnu-tools-for-stm32.10.3-2021.10.win32_1.0.100.202210260954/tools/bin/../lib/gcc/arm-none-eabi/10.3.1/../../../../arm-none-eabi/lib/thumb/v7e-m+fp/hard\libc_nano.a(lib_a-findfp.o)
                0x000000000800355c                _cleanup_r
 .text.__sfmoreglue
                0x0000000008003568       0x2c c:/st/stm32cubeide_1.11.0/stm32cubeide/plugins/com.st.stm32cube.ide.mcu.externaltools.gnu-tools-for-stm32.10.3-2021.10.win32_1.0.100.202210260954/tools/bin/../lib/gcc/arm-none-eabi/10.3.1/../../../../arm-none-eabi/lib/thumb/v7e-m+fp/hard\libc_nano.a(lib_a-findfp.o)
                0x0000000008003568                __sfmoreglue
 .text.__sfp_lock_acquire
                0x0000000008003594        0xc c:/st/stm32cubeide_1.11.0/stm32cubeide/plugins/com.st.stm32cube.ide.mcu.externaltools.gnu-tools-for-stm32.10.3-2021.10.win32_1.0.100.202210260954/tools/bin/../lib/gcc/arm-none-eabi/10.3.1/../../../../arm-none-eabi/lib/thumb/v7e-m+fp/hard\libc_nano.a(lib_a-findfp.o)
                0x0000000008003594                __sfp_lock_acquire
 .text.__sfp_lock_release
                0x00000000080035a0        0xc c:/st/stm32cubeide_1.11.0/stm32cubeide/plugins/com.st.stm32cube.ide.mcu.externaltools.gnu-tools-for-stm32.10.3-2021.10.win32_1.0.100.202210260954/tools/bin/../lib/gcc/arm-none-eabi/10.3.1/../../../../arm-none-eabi/lib/thumb/v7e-m+fp/hard\libc_nano.a(lib_a-findfp.o)
                0x00000000080035a0                __sfp_lock_release
 .text.__sinit_lock_acquire
                0x00000000080035ac        0xc c:/st/stm32cubeide_1.11.0/stm32cubeide/plugins/com.st.stm32cube.ide.mcu.externaltools.gnu-tools-for-stm32.10.3-2021.10.win32_1.0.100.202210260954/tools/bin/../lib/gcc/arm-none-eabi/10.3.1/../../../../arm-none-eabi/lib/thumb/v7e-m+fp/hard\libc_nano.a(lib_a-findfp.o)
                0x00000000080035ac                __sinit_lock_acquire
 .text.__sinit_lock_release
                0x00000000080035b8        0xc c:/st/stm32cubeide_1.11.0/stm32cubeide/plugins/com.st.stm32cube.ide.mcu.externaltools.gnu-tools-for-stm32.10.3-2021.10.win32_1.0.100.202210260954/tools/bin/../lib/gcc/arm-none-eabi/10.3.1/../../../../arm-none-eabi/lib/thumb/v7e-m+fp/hard\libc_nano.a(lib_a-findfp.o)
                0x00000000080035b8                __sinit_lock_release
 .text.__sinit  0x00000000080035c4       0x70 c:/st/stm32cubeide_1.11.0/stm32cubeide/plugins/com.st.stm32cube.ide.mcu.externaltools.gnu-tools-for-stm32.10.3-2021.10.win32_1.0.100.202210260954/tools/bin/../lib/gcc/arm-none-eabi/10.3.1/../../../../arm-none-eabi/lib/thumb/v7e-m+fp/hard\libc_nano.a(lib_a-findfp.o)
                0x00000000080035c4                __sinit
 .text.__sfp    0x0000000008003634       0x8c c:/st/stm32cubeide_1.11.0/stm32cubeide/plugins/com.st.stm32cube.ide.mcu.externaltools.gnu-tools-for-stm32.10.3-2021.10.win32_1.0.100.202210260954/tools/bin/../lib/gcc/arm-none-eabi/10.3.1/../../../../arm-none-eabi/lib/thumb/v7e-m+fp/hard\libc_nano.a(lib_a-findfp.o)
                0x0000000008003634                __sfp
 .text._fwalk_reent
                0x00000000080036c0       0x3e c:/st/stm32cubeide_1.11.0/stm32cubeide/plugins/com.st.stm32cube.ide.mcu.externaltools.gnu-tools-for-stm32.10.3-2021.10.win32_1.0.100.202210260954/tools/bin/../lib/gcc/arm-none-eabi/10.3.1/../../../../arm-none-eabi/lib/thumb/v7e-m+fp/hard\libc_nano.a(lib_a-fwalk.o)
                0x00000000080036c0                _fwalk_reent
 .text.__retarget_lock_init_recursive
                0x00000000080036fe        0x2 c:/st/stm32cubeide_1.11.0/stm32cubeide/plugins/com.st.stm32cube.ide.mcu.externaltools.gnu-tools-for-stm32.10.3-2021.10.win32_1.0.100.202210260954/tools/bin/../lib/gcc/arm-none-eabi/10.3.1/../../../../arm-none-eabi/lib/thumb/v7e-m+fp/hard\libc_nano.a(lib_a-lock.o)
                0x00000000080036fe                __retarget_lock_init_recursive
 .text.__retarget_lock_acquire_recursive
                0x0000000008003700        0x2 c:/st/stm32cubeide_1.11.0/stm32cubeide/plugins/com.st.stm32cube.ide.mcu.externaltools.gnu-tools-for-stm32.10.3-2021.10.win32_1.0.100.202210260954/tools/bin/../lib/gcc/arm-none-eabi/10.3.1/../../../../arm-none-eabi/lib/thumb/v7e-m+fp/hard\libc_nano.a(lib_a-lock.o)
                0x0000000008003700                __retarget_lock_acquire_recursive
 .text.__retarget_lock_release_recursive
                0x0000000008003702        0x2 c:/st/stm32cubeide_1.11.0/stm32cubeide/plugins/com.st.stm32cube.ide.mcu.externaltools.gnu-tools-for-stm32.10.3-2021.10.win32_1.0.100.202210260954/tools/bin/../lib/gcc/arm-none-eabi/10.3.1/../../../../arm-none-eabi/lib/thumb/v7e-m+fp/hard\libc_nano.a(lib_a-lock.o)
                0x0000000008003702                __retarget_lock_release_recursive
 .text.sbrk_aligned
                0x0000000008003704       0x40 c:/st/stm32cubeide_1.11.0/stm32cubeide/plugins/com.st.stm32cube.ide.mcu.externaltools.gnu-tools-for-stm32.10.3-2021.10.win32_1.0.100.202210260954/tools/bin/../lib/gcc/arm-none-eabi/10.3.1/../../../../arm-none-eabi/lib/thumb/v7e-m+fp/hard\libc_nano.a(lib_a-nano-mallocr.o)
 .text._malloc_r
                0x0000000008003744       0xe8 c:/st/stm32cubeide_1.11.0/stm32cubeide/plugins/com.st.stm32cube.ide.mcu.externaltools.gnu-tools-for-stm32.10.3-2021.10.win32_1.0.100.202210260954/tools/bin/../lib/gcc/arm-none-eabi/10.3.1/../../../../arm-none-eabi/lib/thumb/v7e-m+fp/hard\libc_nano.a(lib_a-nano-mallocr.o)
                0x0000000008003744                _malloc_r
 .text.__sfputc_r
                0x000000000800382c       0x2e c:/st/stm32cubeide_1.11.0/stm32cubeide/plugins/com.st.stm32cube.ide.mcu.externaltools.gnu-tools-for-stm32.10.3-2021.10.win32_1.0.100.202210260954/tools/bin/../lib/gcc/arm-none-eabi/10.3.1/../../../../arm-none-eabi/lib/thumb/v7e-m+fp/hard\libc_nano.a(lib_a-nano-vfprintf.o)
 .text.__sfputs_r
                0x000000000800385a       0x24 c:/st/stm32cubeide_1.11.0/stm32cubeide/plugins/com.st.stm32cube.ide.mcu.externaltools.gnu-tools-for-stm32.10.3-2021.10.win32_1.0.100.202210260954/tools/bin/../lib/gcc/arm-none-eabi/10.3.1/../../../../arm-none-eabi/lib/thumb/v7e-m+fp/hard\libc_nano.a(lib_a-nano-vfprintf.o)
                0x000000000800385a                __sfputs_r
 *fill*         0x000000000800387e        0x2 
 .text._vfprintf_r
                0x0000000008003880      0x260 c:/st/stm32cubeide_1.11.0/stm32cubeide/plugins/com.st.stm32cube.ide.mcu.externaltools.gnu-tools-for-stm32.10.3-2021.10.win32_1.0.100.202210260954/tools/bin/../lib/gcc/arm-none-eabi/10.3.1/../../../../arm-none-eabi/lib/thumb/v7e-m+fp/hard\libc_nano.a(lib_a-nano-vfprintf.o)
                0x0000000008003880                _vfprintf_r
                0x0000000008003880                _vfiprintf_r
 .text._printf_common
                0x0000000008003ae0       0xda c:/st/stm32cubeide_1.11.0/stm32cubeide/plugins/com.st.stm32cube.ide.mcu.externaltools.gnu-tools-for-stm32.10.3-2021.10.win32_1.0.100.202210260954/tools/bin/../lib/gcc/arm-none-eabi/10.3.1/../../../../arm-none-eabi/lib/thumb/v7e-m+fp/hard\libc_nano.a(lib_a-nano-vfprintf_i.o)
                0x0000000008003ae0                _printf_common
 *fill*         0x0000000008003bba        0x2 
 .text._printf_i
                0x0000000008003bbc      0x24c c:/st/stm32cubeide_1.11.0/stm32cubeide/plugins/com.st.stm32cube.ide.mcu.externaltools.gnu-tools-for-stm32.10.3-2021.10.win32_1.0.100.202210260954/tools/bin/../lib/gcc/arm-none-eabi/10.3.1/../../../../arm-none-eabi/lib/thumb/v7e-m+fp/hard\libc_nano.a(lib_a-nano-vfprintf_i.o)
                0x0000000008003bbc                _printf_i
 .text._sbrk_r  0x0000000008003e08       0x20 c:/st/stm32cubeide_1.11.0/stm32cubeide/plugins/com.st.stm32cube.ide.mcu.externaltools.gnu-tools-for-stm32.10.3-2021.10.win32_1.0.100.202210260954/tools/bin/../lib/gcc/arm-none-eabi/10.3.1/../../../../arm-none-eabi/lib/thumb/v7e-m+fp/hard\libc_nano.a(lib_a-sbrkr.o)
                0x0000000008003e08                _sbrk_r
 .text.__sread  0x0000000008003e28       0x22 c:/st/stm32cubeide_1.11.0/stm32cubeide/plugins/com.st.stm32cube.ide.mcu.externaltools.gnu-tools-for-stm32.10.3-2021.10.win32_1.0.100.202210260954/tools/bin/../lib/gcc/arm-none-eabi/10.3.1/../../../../arm-none-eabi/lib/thumb/v7e-m+fp/hard\libc_nano.a(lib_a-stdio.o)
                0x0000000008003e28                __sread
 .text.__swrite
                0x0000000008003e4a       0x38 c:/st/stm32cubeide_1.11.0/stm32cubeide/plugins/com.st.stm32cube.ide.mcu.externaltools.gnu-tools-for-stm32.10.3-2021.10.win32_1.0.100.202210260954/tools/bin/../lib/gcc/arm-none-eabi/10.3.1/../../../../arm-none-eabi/lib/thumb/v7e-m+fp/hard\libc_nano.a(lib_a-stdio.o)
                0x0000000008003e4a                __swrite
 .text.__sseek  0x0000000008003e82       0x24 c:/st/stm32cubeide_1.11.0/stm32cubeide/plugins/com.st.stm32cube.ide.mcu.externaltools.gnu-tools-for-stm32.10.3-2021.10.win32_1.0.100.202210260954/tools/bin/../lib/gcc/arm-none-eabi/10.3.1/../../../../arm-none-eabi/lib/thumb/v7e-m+fp/hard\libc_nano.a(lib_a-stdio.o)
                0x0000000008003e82                __sseek
 .text.__sclose
                0x0000000008003ea6        0x8 c:/st/stm32cubeide_1.11.0/stm32cubeide/plugins/com.st.stm32cube.ide.mcu.externaltools.gnu-tools-for-stm32.10.3-2021.10.win32_1.0.100.202210260954/tools/bin/../lib/gcc/arm-none-eabi/10.3.1/../../../../arm-none-eabi/lib/thumb/v7e-m+fp/hard\libc_nano.a(lib_a-stdio.o)
                0x0000000008003ea6                __sclose
 *fill*         0x0000000008003eae        0x2 
 .text.__swbuf_r
                0x0000000008003eb0       0xa4 c:/st/stm32cubeide_1.11.0/stm32cubeide/plugins/com.st.stm32cube.ide.mcu.externaltools.gnu-tools-for-stm32.10.3-2021.10.win32_1.0.100.202210260954/tools/bin/../lib/gcc/arm-none-eabi/10.3.1/../../../../arm-none-eabi/lib/thumb/v7e-m+fp/hard\libc_nano.a(lib_a-wbuf.o)
                0x0000000008003eb0                __swbuf_r
 .text._write_r
                0x0000000008003f54       0x24 c:/st/stm32cubeide_1.11.0/stm32cubeide/plugins/com.st.stm32cube.ide.mcu.externaltools.gnu-tools-for-stm32.10.3-2021.10.win32_1.0.100.202210260954/tools/bin/../lib/gcc/arm-none-eabi/10.3.1/../../../../arm-none-eabi/lib/thumb/v7e-m+fp/hard\libc_nano.a(lib_a-writer.o)
                0x0000000008003f54                _write_r
 .text.__swsetup_r
                0x0000000008003f78       0xdc c:/st/stm32cubeide_1.11.0/stm32cubeide/plugins/com.st.stm32cube.ide.mcu.externaltools.gnu-tools-for-stm32.10.3-2021.10.win32_1.0.100.202210260954/tools/bin/../lib/gcc/arm-none-eabi/10.3.1/../../../../arm-none-eabi/lib/thumb/v7e-m+fp/hard\libc_nano.a(lib_a-wsetup.o)
                0x0000000008003f78                __swsetup_r
 .text._close_r
                0x0000000008004054       0x20 c:/st/stm32cubeide_1.11.0/stm32cubeide/plugins/com.st.stm32cube.ide.mcu.externaltools.gnu-tools-for-stm32.10.3-2021.10.win32_1.0.100.202210260954/tools/bin/../lib/gcc/arm-none-eabi/10.3.1/../../../../arm-none-eabi/lib/thumb/v7e-m+fp/hard\libc_nano.a(lib_a-closer.o)
                0x0000000008004054                _close_r
 .text.__sflush_r
                0x0000000008004074      0x10c c:/st/stm32cubeide_1.11.0/stm32cubeide/plugins/com.st.stm32cube.ide.mcu.externaltools.gnu-tools-for-stm32.10.3-2021.10.win32_1.0.100.202210260954/tools/bin/../lib/gcc/arm-none-eabi/10.3.1/../../../../arm-none-eabi/lib/thumb/v7e-m+fp/hard\libc_nano.a(lib_a-fflush.o)
                0x0000000008004074                __sflush_r
 .text._fflush_r
                0x0000000008004180       0x78 c:/st/stm32cubeide_1.11.0/stm32cubeide/plugins/com.st.stm32cube.ide.mcu.externaltools.gnu-tools-for-stm32.10.3-2021.10.win32_1.0.100.202210260954/tools/bin/../lib/gcc/arm-none-eabi/10.3.1/../../../../arm-none-eabi/lib/thumb/v7e-m+fp/hard\libc_nano.a(lib_a-fflush.o)
                0x0000000008004180                _fflush_r
 .text._lseek_r
                0x00000000080041f8       0x24 c:/st/stm32cubeide_1.11.0/stm32cubeide/plugins/com.st.stm32cube.ide.mcu.externaltools.gnu-tools-for-stm32.10.3-2021.10.win32_1.0.100.202210260954/tools/bin/../lib/gcc/arm-none-eabi/10.3.1/../../../../arm-none-eabi/lib/thumb/v7e-m+fp/hard\libc_nano.a(lib_a-lseekr.o)
                0x00000000080041f8                _lseek_r
 .text.__swhatbuf_r
                0x000000000800421c       0x4a c:/st/stm32cubeide_1.11.0/stm32cubeide/plugins/com.st.stm32cube.ide.mcu.externaltools.gnu-tools-for-stm32.10.3-2021.10.win32_1.0.100.202210260954/tools/bin/../lib/gcc/arm-none-eabi/10.3.1/../../../../arm-none-eabi/lib/thumb/v7e-m+fp/hard\libc_nano.a(lib_a-makebuf.o)
                0x000000000800421c                __swhatbuf_r
 *fill*         0x0000000008004266        0x2 
 .text.__smakebuf_r
                0x0000000008004268       0x80 c:/st/stm32cubeide_1.11.0/stm32cubeide/plugins/com.st.stm32cube.ide.mcu.externaltools.gnu-tools-for-stm32.10.3-2021.10.win32_1.0.100.202210260954/tools/bin/../lib/gcc/arm-none-eabi/10.3.1/../../../../arm-none-eabi/lib/thumb/v7e-m+fp/hard\libc_nano.a(lib_a-makebuf.o)
                0x0000000008004268                __smakebuf_r
 .text.__malloc_lock
                0x00000000080042e8        0xc c:/st/stm32cubeide_1.11.0/stm32cubeide/plugins/com.st.stm32cube.ide.mcu.externaltools.gnu-tools-for-stm32.10.3-2021.10.win32_1.0.100.202210260954/tools/bin/../lib/gcc/arm-none-eabi/10.3.1/../../../../arm-none-eabi/lib/thumb/v7e-m+fp/hard\libc_nano.a(lib_a-mlock.o)
                0x00000000080042e8                __malloc_lock
 .text.__malloc_unlock
                0x00000000080042f4        0xc c:/st/stm32cubeide_1.11.0/stm32cubeide/plugins/com.st.stm32cube.ide.mcu.externaltools.gnu-tools-for-stm32.10.3-2021.10.win32_1.0.100.202210260954/tools/bin/../lib/gcc/arm-none-eabi/10.3.1/../../../../arm-none-eabi/lib/thumb/v7e-m+fp/hard\libc_nano.a(lib_a-mlock.o)
                0x00000000080042f4                __malloc_unlock
 .text._free_r  0x0000000008004300       0x98 c:/st/stm32cubeide_1.11.0/stm32cubeide/plugins/com.st.stm32cube.ide.mcu.externaltools.gnu-tools-for-stm32.10.3-2021.10.win32_1.0.100.202210260954/tools/bin/../lib/gcc/arm-none-eabi/10.3.1/../../../../arm-none-eabi/lib/thumb/v7e-m+fp/hard\libc_nano.a(lib_a-nano-freer.o)
                0x0000000008004300                _free_r
 .text._read_r  0x0000000008004398       0x24 c:/st/stm32cubeide_1.11.0/stm32cubeide/plugins/com.st.stm32cube.ide.mcu.externaltools.gnu-tools-for-stm32.10.3-2021.10.win32_1.0.100.202210260954/tools/bin/../lib/gcc/arm-none-eabi/10.3.1/../../../../arm-none-eabi/lib/thumb/v7e-m+fp/hard\libc_nano.a(lib_a-readr.o)
                0x0000000008004398                _read_r
 .text._fstat_r
                0x00000000080043bc       0x24 c:/st/stm32cubeide_1.11.0/stm32cubeide/plugins/com.st.stm32cube.ide.mcu.externaltools.gnu-tools-for-stm32.10.3-2021.10.win32_1.0.100.202210260954/tools/bin/../lib/gcc/arm-none-eabi/10.3.1/../../../../arm-none-eabi/lib/thumb/v7e-m+fp/hard\libc_nano.a(lib_a-fstatr.o)
                0x00000000080043bc                _fstat_r
 .text._isatty_r
                0x00000000080043e0       0x20 c:/st/stm32cubeide_1.11.0/stm32cubeide/plugins/com.st.stm32cube.ide.mcu.externaltools.gnu-tools-for-stm32.10.3-2021.10.win32_1.0.100.202210260954/tools/bin/../lib/gcc/arm-none-eabi/10.3.1/../../../../arm-none-eabi/lib/thumb/v7e-m+fp/hard\libc_nano.a(lib_a-isattyr.o)
                0x00000000080043e0                _isatty_r
 *(.glue_7)
 .glue_7        0x0000000008004400        0x0 linker stubs
 *(.glue_7t)
 .glue_7t       0x0000000008004400        0x0 linker stubs
 *(.eh_frame)
 .eh_frame      0x0000000008004400        0x0 c:/st/stm32cubeide_1.11.0/stm32cubeide/plugins/com.st.stm32cube.ide.mcu.externaltools.gnu-tools-for-stm32.10.3-2021.10.win32_1.0.100.202210260954/tools/bin/../lib/gcc/arm-none-eabi/10.3.1/thumb/v7e-m+fp/hard/crtbegin.o
 *(.init)
 .init          0x0000000008004400        0x4 c:/st/stm32cubeide_1.11.0/stm32cubeide/plugins/com.st.stm32cube.ide.mcu.externaltools.gnu-tools-for-stm32.10.3-2021.10.win32_1.0.100.202210260954/tools/bin/../lib/gcc/arm-none-eabi/10.3.1/thumb/v7e-m+fp/hard/crti.o
                0x0000000008004400                _init
 .init          0x0000000008004404        0x8 c:/st/stm32cubeide_1.11.0/stm32cubeide/plugins/com.st.stm32cube.ide.mcu.externaltools.gnu-tools-for-stm32.10.3-2021.10.win32_1.0.100.202210260954/tools/bin/../lib/gcc/arm-none-eabi/10.3.1/thumb/v7e-m+fp/hard/crtn.o
 *(.fini)
 .fini          0x000000000800440c        0x4 c:/st/stm32cubeide_1.11.0/stm32cubeide/plugins/com.st.stm32cube.ide.mcu.externaltools.gnu-tools-for-stm32.10.3-2021.10.win32_1.0.100.202210260954/tools/bin/../lib/gcc/arm-none-eabi/10.3.1/thumb/v7e-m+fp/hard/crti.o
                0x000000000800440c                _fini
 .fini          0x0000000008004410        0x8 c:/st/stm32cubeide_1.11.0/stm32cubeide/plugins/com.st.stm32cube.ide.mcu.externaltools.gnu-tools-for-stm32.10.3-2021.10.win32_1.0.100.202210260954/tools/bin/../lib/gcc/arm-none-eabi/10.3.1/thumb/v7e-m+fp/hard/crtn.o
                0x0000000008004418                . = ALIGN (0x4)
                0x0000000008004418                _etext = .

.vfp11_veneer   0x0000000008004418        0x0
 .vfp11_veneer  0x0000000008004418        0x0 linker stubs

.v4_bx          0x0000000008004418        0x0
 .v4_bx         0x0000000008004418        0x0 linker stubs

.iplt           0x0000000008004418        0x0
 .iplt          0x0000000008004418        0x0 c:/st/stm32cubeide_1.11.0/stm32cubeide/plugins/com.st.stm32cube.ide.mcu.externaltools.gnu-tools-for-stm32.10.3-2021.10.win32_1.0.100.202210260954/tools/bin/../lib/gcc/arm-none-eabi/10.3.1/thumb/v7e-m+fp/hard/crtbegin.o

.rodata         0x0000000008004418       0xec
                0x0000000008004418                . = ALIGN (0x4)
 *(.rodata)
 .rodata        0x0000000008004418       0x11 ./Core/Src/stm32l4xx_it.o
 *(.rodata*)
 *fill*         0x0000000008004429        0x3 
 .rodata.AHBPrescTable
                0x000000000800442c       0x10 ./Core/Src/system_stm32l4xx.o
                0x000000000800442c                AHBPrescTable
 .rodata.MSIRangeTable
                0x000000000800443c       0x30 ./Core/Src/system_stm32l4xx.o
                0x000000000800443c                MSIRangeTable
 .rodata._global_impure_ptr
                0x000000000800446c        0x4 c:/st/stm32cubeide_1.11.0/stm32cubeide/plugins/com.st.stm32cube.ide.mcu.externaltools.gnu-tools-for-stm32.10.3-2021.10.win32_1.0.100.202210260954/tools/bin/../lib/gcc/arm-none-eabi/10.3.1/../../../../arm-none-eabi/lib/thumb/v7e-m+fp/hard\libc_nano.a(lib_a-impure.o)
                0x000000000800446c                _global_impure_ptr
 .rodata.__sf_fake_stderr
                0x0000000008004470       0x20 c:/st/stm32cubeide_1.11.0/stm32cubeide/plugins/com.st.stm32cube.ide.mcu.externaltools.gnu-tools-for-stm32.10.3-2021.10.win32_1.0.100.202210260954/tools/bin/../lib/gcc/arm-none-eabi/10.3.1/../../../../arm-none-eabi/lib/thumb/v7e-m+fp/hard\libc_nano.a(lib_a-findfp.o)
                0x0000000008004470                __sf_fake_stderr
 .rodata.__sf_fake_stdin
                0x0000000008004490       0x20 c:/st/stm32cubeide_1.11.0/stm32cubeide/plugins/com.st.stm32cube.ide.mcu.externaltools.gnu-tools-for-stm32.10.3-2021.10.win32_1.0.100.202210260954/tools/bin/../lib/gcc/arm-none-eabi/10.3.1/../../../../arm-none-eabi/lib/thumb/v7e-m+fp/hard\libc_nano.a(lib_a-findfp.o)
                0x0000000008004490                __sf_fake_stdin
 .rodata.__sf_fake_stdout
                0x00000000080044b0       0x20 c:/st/stm32cubeide_1.11.0/stm32cubeide/plugins/com.st.stm32cube.ide.mcu.externaltools.gnu-tools-for-stm32.10.3-2021.10.win32_1.0.100.202210260954/tools/bin/../lib/gcc/arm-none-eabi/10.3.1/../../../../arm-none-eabi/lib/thumb/v7e-m+fp/hard\libc_nano.a(lib_a-findfp.o)
                0x00000000080044b0                __sf_fake_stdout
 .rodata._vfprintf_r.str1.1
                0x00000000080044d0       0x11 c:/st/stm32cubeide_1.11.0/stm32cubeide/plugins/com.st.stm32cube.ide.mcu.externaltools.gnu-tools-for-stm32.10.3-2021.10.win32_1.0.100.202210260954/tools/bin/../lib/gcc/arm-none-eabi/10.3.1/../../../../arm-none-eabi/lib/thumb/v7e-m+fp/hard\libc_nano.a(lib_a-nano-vfprintf.o)
 .rodata._printf_i.str1.1
                0x00000000080044e1       0x22 c:/st/stm32cubeide_1.11.0/stm32cubeide/plugins/com.st.stm32cube.ide.mcu.externaltools.gnu-tools-for-stm32.10.3-2021.10.win32_1.0.100.202210260954/tools/bin/../lib/gcc/arm-none-eabi/10.3.1/../../../../arm-none-eabi/lib/thumb/v7e-m+fp/hard\libc_nano.a(lib_a-nano-vfprintf_i.o)
                0x0000000008004504                . = ALIGN (0x4)
 *fill*         0x0000000008004503        0x1 

.rel.dyn        0x0000000008004504        0x0
 .rel.iplt      0x0000000008004504        0x0 c:/st/stm32cubeide_1.11.0/stm32cubeide/plugins/com.st.stm32cube.ide.mcu.externaltools.gnu-tools-for-stm32.10.3-2021.10.win32_1.0.100.202210260954/tools/bin/../lib/gcc/arm-none-eabi/10.3.1/thumb/v7e-m+fp/hard/crtbegin.o

.ARM.extab      0x0000000008004504        0x0
                0x0000000008004504                . = ALIGN (0x4)
 *(.ARM.extab* .gnu.linkonce.armextab.*)
                0x0000000008004504                . = ALIGN (0x4)

.ARM            0x0000000008004504        0x0
                0x0000000008004504                . = ALIGN (0x4)
                0x0000000008004504                __exidx_start = .
 *(.ARM.exidx*)
                0x0000000008004504                __exidx_end = .
                0x0000000008004504                . = ALIGN (0x4)

.preinit_array  0x0000000008004504        0x0
                0x0000000008004504                . = ALIGN (0x4)
                0x0000000008004504                PROVIDE (__preinit_array_start = .)
 *(.preinit_array*)
                0x0000000008004504                PROVIDE (__preinit_array_end = .)
                0x0000000008004504                . = ALIGN (0x4)

.init_array     0x0000000008004504        0x4
                0x0000000008004504                . = ALIGN (0x4)
                0x0000000008004504                PROVIDE (__init_array_start = .)
 *(SORT_BY_NAME(.init_array.*))
 *(.init_array*)
 .init_array    0x0000000008004504        0x4 c:/st/stm32cubeide_1.11.0/stm32cubeide/plugins/com.st.stm32cube.ide.mcu.externaltools.gnu-tools-for-stm32.10.3-2021.10.win32_1.0.100.202210260954/tools/bin/../lib/gcc/arm-none-eabi/10.3.1/thumb/v7e-m+fp/hard/crtbegin.o
                0x0000000008004508                PROVIDE (__init_array_end = .)
                0x0000000008004508                . = ALIGN (0x4)

.fini_array     0x0000000008004508        0x4
                0x0000000008004508                . = ALIGN (0x4)
                [!provide]                        PROVIDE (__fini_array_start = .)
 *(SORT_BY_NAME(.fini_array.*))
 *(.fini_array*)
 .fini_array    0x0000000008004508        0x4 c:/st/stm32cubeide_1.11.0/stm32cubeide/plugins/com.st.stm32cube.ide.mcu.externaltools.gnu-tools-for-stm32.10.3-2021.10.win32_1.0.100.202210260954/tools/bin/../lib/gcc/arm-none-eabi/10.3.1/thumb/v7e-m+fp/hard/crtbegin.o
                [!provide]                        PROVIDE (__fini_array_end = .)
                0x000000000800450c                . = ALIGN (0x4)
                0x000000000800450c                _sidata = LOADADDR (.data)

.data           0x0000000020000000       0x74 load address 0x000000000800450c
                0x0000000020000000                . = ALIGN (0x4)
                0x0000000020000000                _sdata = .
 *(.data)
 *(.data*)
 .data.min_tim2_ccr
                0x0000000020000000        0x4 ./Core/Src/stm32l4xx_it.o
                0x0000000020000000                min_tim2_ccr
 .data.SystemCoreClock
                0x0000000020000004        0x4 ./Core/Src/system_stm32l4xx.o
                0x0000000020000004                SystemCoreClock
 .data.uwTickPrio
                0x0000000020000008        0x4 ./Drivers/STM32L4xx_HAL_Driver/Src/stm32l4xx_hal.o
                0x0000000020000008                uwTickPrio
 .data.uwTickFreq
                0x000000002000000c        0x1 ./Drivers/STM32L4xx_HAL_Driver/Src/stm32l4xx_hal.o
                0x000000002000000c                uwTickFreq
 *fill*         0x000000002000000d        0x3 
 .data._impure_ptr
                0x0000000020000010        0x4 c:/st/stm32cubeide_1.11.0/stm32cubeide/plugins/com.st.stm32cube.ide.mcu.externaltools.gnu-tools-for-stm32.10.3-2021.10.win32_1.0.100.202210260954/tools/bin/../lib/gcc/arm-none-eabi/10.3.1/../../../../arm-none-eabi/lib/thumb/v7e-m+fp/hard\libc_nano.a(lib_a-impure.o)
                0x0000000020000010                _impure_ptr
 .data.impure_data
                0x0000000020000014       0x60 c:/st/stm32cubeide_1.11.0/stm32cubeide/plugins/com.st.stm32cube.ide.mcu.externaltools.gnu-tools-for-stm32.10.3-2021.10.win32_1.0.100.202210260954/tools/bin/../lib/gcc/arm-none-eabi/10.3.1/../../../../arm-none-eabi/lib/thumb/v7e-m+fp/hard\libc_nano.a(lib_a-impure.o)
 *(.RamFunc)
 *(.RamFunc*)
                0x0000000020000074                . = ALIGN (0x4)
                0x0000000020000074                _edata = .

.igot.plt       0x0000000020000074        0x0 load address 0x0000000008004580
 .igot.plt      0x0000000020000074        0x0 c:/st/stm32cubeide_1.11.0/stm32cubeide/plugins/com.st.stm32cube.ide.mcu.externaltools.gnu-tools-for-stm32.10.3-2021.10.win32_1.0.100.202210260954/tools/bin/../lib/gcc/arm-none-eabi/10.3.1/thumb/v7e-m+fp/hard/crtbegin.o
                0x0000000020000074                . = ALIGN (0x4)

.bss            0x0000000020000074       0xfc load address 0x0000000008004580
                0x0000000020000074                _sbss = .
                0x0000000020000074                __bss_start__ = _sbss
 *(.bss)
 .bss           0x0000000020000074       0x1c c:/st/stm32cubeide_1.11.0/stm32cubeide/plugins/com.st.stm32cube.ide.mcu.externaltools.gnu-tools-for-stm32.10.3-2021.10.win32_1.0.100.202210260954/tools/bin/../lib/gcc/arm-none-eabi/10.3.1/thumb/v7e-m+fp/hard/crtbegin.o
 *(.bss*)
 .bss.hrtc      0x0000000020000090       0x24 ./Core/Src/main.o
                0x0000000020000090                hrtc
 .bss.htim2     0x00000000200000b4       0x4c ./Core/Src/main.o
                0x00000000200000b4                htim2
 .bss.htim3     0x0000000020000100       0x4c ./Core/Src/main.o
                0x0000000020000100                htim3
 .bss.tim2_ccr  0x000000002000014c        0x4 ./Core/Src/stm32l4xx_it.o
                0x000000002000014c                tim2_ccr
 .bss.max_tim2_ccr
                0x0000000020000150        0x4 ./Core/Src/stm32l4xx_it.o
                0x0000000020000150                max_tim2_ccr
 .bss.first_time_intrp
                0x0000000020000154        0x1 ./Core/Src/stm32l4xx_it.o
 .bss.tim3_cntr
                0x0000000020000155        0x1 ./Core/Src/stm32l4xx_it.o
                0x0000000020000155                tim3_cntr
 *fill*         0x0000000020000156        0x2 
 .bss.__sbrk_heap_end
                0x0000000020000158        0x4 ./Core/Src/sysmem.o
 .bss.uwTick    0x000000002000015c        0x4 ./Drivers/STM32L4xx_HAL_Driver/Src/stm32l4xx_hal.o
                0x000000002000015c                uwTick
 .bss.__lock___malloc_recursive_mutex
                0x0000000020000160        0x1 c:/st/stm32cubeide_1.11.0/stm32cubeide/plugins/com.st.stm32cube.ide.mcu.externaltools.gnu-tools-for-stm32.10.3-2021.10.win32_1.0.100.202210260954/tools/bin/../lib/gcc/arm-none-eabi/10.3.1/../../../../arm-none-eabi/lib/thumb/v7e-m+fp/hard\libc_nano.a(lib_a-lock.o)
                0x0000000020000160                __lock___malloc_recursive_mutex
 .bss.__lock___sfp_recursive_mutex
                0x0000000020000161        0x1 c:/st/stm32cubeide_1.11.0/stm32cubeide/plugins/com.st.stm32cube.ide.mcu.externaltools.gnu-tools-for-stm32.10.3-2021.10.win32_1.0.100.202210260954/tools/bin/../lib/gcc/arm-none-eabi/10.3.1/../../../../arm-none-eabi/lib/thumb/v7e-m+fp/hard\libc_nano.a(lib_a-lock.o)
                0x0000000020000161                __lock___sfp_recursive_mutex
 .bss.__lock___sinit_recursive_mutex
                0x0000000020000162        0x1 c:/st/stm32cubeide_1.11.0/stm32cubeide/plugins/com.st.stm32cube.ide.mcu.externaltools.gnu-tools-for-stm32.10.3-2021.10.win32_1.0.100.202210260954/tools/bin/../lib/gcc/arm-none-eabi/10.3.1/../../../../arm-none-eabi/lib/thumb/v7e-m+fp/hard\libc_nano.a(lib_a-lock.o)
                0x0000000020000162                __lock___sinit_recursive_mutex
 *fill*         0x0000000020000163        0x1 
 .bss.__malloc_free_list
                0x0000000020000164        0x4 c:/st/stm32cubeide_1.11.0/stm32cubeide/plugins/com.st.stm32cube.ide.mcu.externaltools.gnu-tools-for-stm32.10.3-2021.10.win32_1.0.100.202210260954/tools/bin/../lib/gcc/arm-none-eabi/10.3.1/../../../../arm-none-eabi/lib/thumb/v7e-m+fp/hard\libc_nano.a(lib_a-nano-mallocr.o)
                0x0000000020000164                __malloc_free_list
 .bss.__malloc_sbrk_start
                0x0000000020000168        0x4 c:/st/stm32cubeide_1.11.0/stm32cubeide/plugins/com.st.stm32cube.ide.mcu.externaltools.gnu-tools-for-stm32.10.3-2021.10.win32_1.0.100.202210260954/tools/bin/../lib/gcc/arm-none-eabi/10.3.1/../../../../arm-none-eabi/lib/thumb/v7e-m+fp/hard\libc_nano.a(lib_a-nano-mallocr.o)
                0x0000000020000168                __malloc_sbrk_start
 .bss.errno     0x000000002000016c        0x4 c:/st/stm32cubeide_1.11.0/stm32cubeide/plugins/com.st.stm32cube.ide.mcu.externaltools.gnu-tools-for-stm32.10.3-2021.10.win32_1.0.100.202210260954/tools/bin/../lib/gcc/arm-none-eabi/10.3.1/../../../../arm-none-eabi/lib/thumb/v7e-m+fp/hard\libc_nano.a(lib_a-reent.o)
                0x000000002000016c                errno
 *(COMMON)
                0x0000000020000170                . = ALIGN (0x4)
                0x0000000020000170                _ebss = .
                0x0000000020000170                __bss_end__ = _ebss

._user_heap_stack
                0x0000000020000170      0x600 load address 0x0000000008004580
                0x0000000020000170                . = ALIGN (0x8)
                [!provide]                        PROVIDE (end = .)
                0x0000000020000170                PROVIDE (_end = .)
                0x0000000020000370                . = (. + _Min_Heap_Size)
 *fill*         0x0000000020000170      0x200 
                0x0000000020000770                . = (. + _Min_Stack_Size)
 *fill*         0x0000000020000370      0x400 
                0x0000000020000770                . = ALIGN (0x8)

/DISCARD/
 libc.a(*)
 libm.a(*)
 libgcc.a(*)

.ARM.attributes
                0x0000000000000000       0x30
 *(.ARM.attributes)
 .ARM.attributes
                0x0000000000000000       0x1e c:/st/stm32cubeide_1.11.0/stm32cubeide/plugins/com.st.stm32cube.ide.mcu.externaltools.gnu-tools-for-stm32.10.3-2021.10.win32_1.0.100.202210260954/tools/bin/../lib/gcc/arm-none-eabi/10.3.1/thumb/v7e-m+fp/hard/crti.o
 .ARM.attributes
                0x000000000000001e       0x34 c:/st/stm32cubeide_1.11.0/stm32cubeide/plugins/com.st.stm32cube.ide.mcu.externaltools.gnu-tools-for-stm32.10.3-2021.10.win32_1.0.100.202210260954/tools/bin/../lib/gcc/arm-none-eabi/10.3.1/thumb/v7e-m+fp/hard/crtbegin.o
 .ARM.attributes
                0x0000000000000052       0x34 ./Core/Src/main.o
 .ARM.attributes
                0x0000000000000086       0x34 ./Core/Src/stm32l4xx_hal_msp.o
 .ARM.attributes
                0x00000000000000ba       0x34 ./Core/Src/stm32l4xx_it.o
 .ARM.attributes
                0x00000000000000ee       0x34 ./Core/Src/syscalls.o
 .ARM.attributes
                0x0000000000000122       0x34 ./Core/Src/sysmem.o
 .ARM.attributes
                0x0000000000000156       0x34 ./Core/Src/system_stm32l4xx.o
 .ARM.attributes
                0x000000000000018a       0x21 ./Core/Startup/startup_stm32l476rgtx.o
 .ARM.attributes
                0x00000000000001ab       0x34 ./Drivers/STM32L4xx_HAL_Driver/Src/stm32l4xx_hal.o
 .ARM.attributes
                0x00000000000001df       0x34 ./Drivers/STM32L4xx_HAL_Driver/Src/stm32l4xx_hal_cortex.o
 .ARM.attributes
                0x0000000000000213       0x34 ./Drivers/STM32L4xx_HAL_Driver/Src/stm32l4xx_hal_gpio.o
 .ARM.attributes
                0x0000000000000247       0x34 ./Drivers/STM32L4xx_HAL_Driver/Src/stm32l4xx_hal_pwr.o
 .ARM.attributes
                0x000000000000027b       0x34 ./Drivers/STM32L4xx_HAL_Driver/Src/stm32l4xx_hal_pwr_ex.o
 .ARM.attributes
                0x00000000000002af       0x34 ./Drivers/STM32L4xx_HAL_Driver/Src/stm32l4xx_hal_rcc.o
 .ARM.attributes
                0x00000000000002e3       0x34 ./Drivers/STM32L4xx_HAL_Driver/Src/stm32l4xx_hal_rcc_ex.o
 .ARM.attributes
                0x0000000000000317       0x34 ./Drivers/STM32L4xx_HAL_Driver/Src/stm32l4xx_hal_rtc.o
 .ARM.attributes
                0x000000000000034b       0x34 ./Drivers/STM32L4xx_HAL_Driver/Src/stm32l4xx_hal_rtc_ex.o
 .ARM.attributes
                0x000000000000037f       0x34 ./Drivers/STM32L4xx_HAL_Driver/Src/stm32l4xx_hal_tim.o
 .ARM.attributes
                0x00000000000003b3       0x34 ./Drivers/STM32L4xx_HAL_Driver/Src/stm32l4xx_hal_tim_ex.o
 .ARM.attributes
                0x00000000000003e7       0x34 c:/st/stm32cubeide_1.11.0/stm32cubeide/plugins/com.st.stm32cube.ide.mcu.externaltools.gnu-tools-for-stm32.10.3-2021.10.win32_1.0.100.202210260954/tools/bin/../lib/gcc/arm-none-eabi/10.3.1/../../../../arm-none-eabi/lib/thumb/v7e-m+fp/hard\libc_nano.a(lib_a-errno.o)
 .ARM.attributes
                0x000000000000041b       0x34 c:/st/stm32cubeide_1.11.0/stm32cubeide/plugins/com.st.stm32cube.ide.mcu.externaltools.gnu-tools-for-stm32.10.3-2021.10.win32_1.0.100.202210260954/tools/bin/../lib/gcc/arm-none-eabi/10.3.1/../../../../arm-none-eabi/lib/thumb/v7e-m+fp/hard\libc_nano.a(lib_a-impure.o)
 .ARM.attributes
                0x000000000000044f       0x34 c:/st/stm32cubeide_1.11.0/stm32cubeide/plugins/com.st.stm32cube.ide.mcu.externaltools.gnu-tools-for-stm32.10.3-2021.10.win32_1.0.100.202210260954/tools/bin/../lib/gcc/arm-none-eabi/10.3.1/../../../../arm-none-eabi/lib/thumb/v7e-m+fp/hard\libc_nano.a(lib_a-init.o)
 .ARM.attributes
                0x0000000000000483       0x34 c:/st/stm32cubeide_1.11.0/stm32cubeide/plugins/com.st.stm32cube.ide.mcu.externaltools.gnu-tools-for-stm32.10.3-2021.10.win32_1.0.100.202210260954/tools/bin/../lib/gcc/arm-none-eabi/10.3.1/../../../../arm-none-eabi/lib/thumb/v7e-m+fp/hard\libc_nano.a(lib_a-memset.o)
 .ARM.attributes
                0x00000000000004b7       0x34 c:/st/stm32cubeide_1.11.0/stm32cubeide/plugins/com.st.stm32cube.ide.mcu.externaltools.gnu-tools-for-stm32.10.3-2021.10.win32_1.0.100.202210260954/tools/bin/../lib/gcc/arm-none-eabi/10.3.1/../../../../arm-none-eabi/lib/thumb/v7e-m+fp/hard\libc_nano.a(lib_a-printf.o)
 .ARM.attributes
                0x00000000000004eb       0x34 c:/st/stm32cubeide_1.11.0/stm32cubeide/plugins/com.st.stm32cube.ide.mcu.externaltools.gnu-tools-for-stm32.10.3-2021.10.win32_1.0.100.202210260954/tools/bin/../lib/gcc/arm-none-eabi/10.3.1/../../../../arm-none-eabi/lib/thumb/v7e-m+fp/hard\libc_nano.a(lib_a-findfp.o)
 .ARM.attributes
                0x000000000000051f       0x34 c:/st/stm32cubeide_1.11.0/stm32cubeide/plugins/com.st.stm32cube.ide.mcu.externaltools.gnu-tools-for-stm32.10.3-2021.10.win32_1.0.100.202210260954/tools/bin/../lib/gcc/arm-none-eabi/10.3.1/../../../../arm-none-eabi/lib/thumb/v7e-m+fp/hard\libc_nano.a(lib_a-fwalk.o)
 .ARM.attributes
                0x0000000000000553       0x34 c:/st/stm32cubeide_1.11.0/stm32cubeide/plugins/com.st.stm32cube.ide.mcu.externaltools.gnu-tools-for-stm32.10.3-2021.10.win32_1.0.100.202210260954/tools/bin/../lib/gcc/arm-none-eabi/10.3.1/../../../../arm-none-eabi/lib/thumb/v7e-m+fp/hard\libc_nano.a(lib_a-lock.o)
 .ARM.attributes
                0x0000000000000587       0x34 c:/st/stm32cubeide_1.11.0/stm32cubeide/plugins/com.st.stm32cube.ide.mcu.externaltools.gnu-tools-for-stm32.10.3-2021.10.win32_1.0.100.202210260954/tools/bin/../lib/gcc/arm-none-eabi/10.3.1/../../../../arm-none-eabi/lib/thumb/v7e-m+fp/hard\libc_nano.a(lib_a-nano-mallocr.o)
 .ARM.attributes
                0x00000000000005bb       0x34 c:/st/stm32cubeide_1.11.0/stm32cubeide/plugins/com.st.stm32cube.ide.mcu.externaltools.gnu-tools-for-stm32.10.3-2021.10.win32_1.0.100.202210260954/tools/bin/../lib/gcc/arm-none-eabi/10.3.1/../../../../arm-none-eabi/lib/thumb/v7e-m+fp/hard\libc_nano.a(lib_a-nano-vfprintf.o)
 .ARM.attributes
                0x00000000000005ef       0x34 c:/st/stm32cubeide_1.11.0/stm32cubeide/plugins/com.st.stm32cube.ide.mcu.externaltools.gnu-tools-for-stm32.10.3-2021.10.win32_1.0.100.202210260954/tools/bin/../lib/gcc/arm-none-eabi/10.3.1/../../../../arm-none-eabi/lib/thumb/v7e-m+fp/hard\libc_nano.a(lib_a-nano-vfprintf_i.o)
 .ARM.attributes
                0x0000000000000623       0x34 c:/st/stm32cubeide_1.11.0/stm32cubeide/plugins/com.st.stm32cube.ide.mcu.externaltools.gnu-tools-for-stm32.10.3-2021.10.win32_1.0.100.202210260954/tools/bin/../lib/gcc/arm-none-eabi/10.3.1/../../../../arm-none-eabi/lib/thumb/v7e-m+fp/hard\libc_nano.a(lib_a-sbrkr.o)
 .ARM.attributes
                0x0000000000000657       0x34 c:/st/stm32cubeide_1.11.0/stm32cubeide/plugins/com.st.stm32cube.ide.mcu.externaltools.gnu-tools-for-stm32.10.3-2021.10.win32_1.0.100.202210260954/tools/bin/../lib/gcc/arm-none-eabi/10.3.1/../../../../arm-none-eabi/lib/thumb/v7e-m+fp/hard\libc_nano.a(lib_a-stdio.o)
 .ARM.attributes
                0x000000000000068b       0x34 c:/st/stm32cubeide_1.11.0/stm32cubeide/plugins/com.st.stm32cube.ide.mcu.externaltools.gnu-tools-for-stm32.10.3-2021.10.win32_1.0.100.202210260954/tools/bin/../lib/gcc/arm-none-eabi/10.3.1/../../../../arm-none-eabi/lib/thumb/v7e-m+fp/hard\libc_nano.a(lib_a-wbuf.o)
 .ARM.attributes
                0x00000000000006bf       0x34 c:/st/stm32cubeide_1.11.0/stm32cubeide/plugins/com.st.stm32cube.ide.mcu.externaltools.gnu-tools-for-stm32.10.3-2021.10.win32_1.0.100.202210260954/tools/bin/../lib/gcc/arm-none-eabi/10.3.1/../../../../arm-none-eabi/lib/thumb/v7e-m+fp/hard\libc_nano.a(lib_a-writer.o)
 .ARM.attributes
                0x00000000000006f3       0x34 c:/st/stm32cubeide_1.11.0/stm32cubeide/plugins/com.st.stm32cube.ide.mcu.externaltools.gnu-tools-for-stm32.10.3-2021.10.win32_1.0.100.202210260954/tools/bin/../lib/gcc/arm-none-eabi/10.3.1/../../../../arm-none-eabi/lib/thumb/v7e-m+fp/hard\libc_nano.a(lib_a-wsetup.o)
 .ARM.attributes
                0x0000000000000727       0x34 c:/st/stm32cubeide_1.11.0/stm32cubeide/plugins/com.st.stm32cube.ide.mcu.externaltools.gnu-tools-for-stm32.10.3-2021.10.win32_1.0.100.202210260954/tools/bin/../lib/gcc/arm-none-eabi/10.3.1/../../../../arm-none-eabi/lib/thumb/v7e-m+fp/hard\libc_nano.a(lib_a-closer.o)
 .ARM.attributes
                0x000000000000075b       0x34 c:/st/stm32cubeide_1.11.0/stm32cubeide/plugins/com.st.stm32cube.ide.mcu.externaltools.gnu-tools-for-stm32.10.3-2021.10.win32_1.0.100.202210260954/tools/bin/../lib/gcc/arm-none-eabi/10.3.1/../../../../arm-none-eabi/lib/thumb/v7e-m+fp/hard\libc_nano.a(lib_a-fflush.o)
 .ARM.attributes
                0x000000000000078f       0x34 c:/st/stm32cubeide_1.11.0/stm32cubeide/plugins/com.st.stm32cube.ide.mcu.externaltools.gnu-tools-for-stm32.10.3-2021.10.win32_1.0.100.202210260954/tools/bin/../lib/gcc/arm-none-eabi/10.3.1/../../../../arm-none-eabi/lib/thumb/v7e-m+fp/hard\libc_nano.a(lib_a-lseekr.o)
 .ARM.attributes
                0x00000000000007c3       0x34 c:/st/stm32cubeide_1.11.0/stm32cubeide/plugins/com.st.stm32cube.ide.mcu.externaltools.gnu-tools-for-stm32.10.3-2021.10.win32_1.0.100.202210260954/tools/bin/../lib/gcc/arm-none-eabi/10.3.1/../../../../arm-none-eabi/lib/thumb/v7e-m+fp/hard\libc_nano.a(lib_a-makebuf.o)
 .ARM.attributes
                0x00000000000007f7       0x1c c:/st/stm32cubeide_1.11.0/stm32cubeide/plugins/com.st.stm32cube.ide.mcu.externaltools.gnu-tools-for-stm32.10.3-2021.10.win32_1.0.100.202210260954/tools/bin/../lib/gcc/arm-none-eabi/10.3.1/../../../../arm-none-eabi/lib/thumb/v7e-m+fp/hard\libc_nano.a(lib_a-memchr.o)
 .ARM.attributes
                0x0000000000000813       0x34 c:/st/stm32cubeide_1.11.0/stm32cubeide/plugins/com.st.stm32cube.ide.mcu.externaltools.gnu-tools-for-stm32.10.3-2021.10.win32_1.0.100.202210260954/tools/bin/../lib/gcc/arm-none-eabi/10.3.1/../../../../arm-none-eabi/lib/thumb/v7e-m+fp/hard\libc_nano.a(lib_a-mlock.o)
 .ARM.attributes
                0x0000000000000847       0x34 c:/st/stm32cubeide_1.11.0/stm32cubeide/plugins/com.st.stm32cube.ide.mcu.externaltools.gnu-tools-for-stm32.10.3-2021.10.win32_1.0.100.202210260954/tools/bin/../lib/gcc/arm-none-eabi/10.3.1/../../../../arm-none-eabi/lib/thumb/v7e-m+fp/hard\libc_nano.a(lib_a-nano-freer.o)
 .ARM.attributes
                0x000000000000087b       0x34 c:/st/stm32cubeide_1.11.0/stm32cubeide/plugins/com.st.stm32cube.ide.mcu.externaltools.gnu-tools-for-stm32.10.3-2021.10.win32_1.0.100.202210260954/tools/bin/../lib/gcc/arm-none-eabi/10.3.1/../../../../arm-none-eabi/lib/thumb/v7e-m+fp/hard\libc_nano.a(lib_a-readr.o)
 .ARM.attributes
                0x00000000000008af       0x34 c:/st/stm32cubeide_1.11.0/stm32cubeide/plugins/com.st.stm32cube.ide.mcu.externaltools.gnu-tools-for-stm32.10.3-2021.10.win32_1.0.100.202210260954/tools/bin/../lib/gcc/arm-none-eabi/10.3.1/../../../../arm-none-eabi/lib/thumb/v7e-m+fp/hard\libc_nano.a(lib_a-reent.o)
 .ARM.attributes
                0x00000000000008e3       0x34 c:/st/stm32cubeide_1.11.0/stm32cubeide/plugins/com.st.stm32cube.ide.mcu.externaltools.gnu-tools-for-stm32.10.3-2021.10.win32_1.0.100.202210260954/tools/bin/../lib/gcc/arm-none-eabi/10.3.1/../../../../arm-none-eabi/lib/thumb/v7e-m+fp/hard\libc_nano.a(lib_a-fstatr.o)
 .ARM.attributes
                0x0000000000000917       0x34 c:/st/stm32cubeide_1.11.0/stm32cubeide/plugins/com.st.stm32cube.ide.mcu.externaltools.gnu-tools-for-stm32.10.3-2021.10.win32_1.0.100.202210260954/tools/bin/../lib/gcc/arm-none-eabi/10.3.1/../../../../arm-none-eabi/lib/thumb/v7e-m+fp/hard\libc_nano.a(lib_a-isattyr.o)
 .ARM.attributes
                0x000000000000094b       0x1e c:/st/stm32cubeide_1.11.0/stm32cubeide/plugins/com.st.stm32cube.ide.mcu.externaltools.gnu-tools-for-stm32.10.3-2021.10.win32_1.0.100.202210260954/tools/bin/../lib/gcc/arm-none-eabi/10.3.1/thumb/v7e-m+fp/hard/crtn.o
OUTPUT(RTC_Calibration.elf elf32-littlearm)
LOAD linker stubs
LOAD c:/st/stm32cubeide_1.11.0/stm32cubeide/plugins/com.st.stm32cube.ide.mcu.externaltools.gnu-tools-for-stm32.10.3-2021.10.win32_1.0.100.202210260954/tools/bin/../lib/gcc/arm-none-eabi/10.3.1/../../../../arm-none-eabi/lib/thumb/v7e-m+fp/hard\libc.a
LOAD c:/st/stm32cubeide_1.11.0/stm32cubeide/plugins/com.st.stm32cube.ide.mcu.externaltools.gnu-tools-for-stm32.10.3-2021.10.win32_1.0.100.202210260954/tools/bin/../lib/gcc/arm-none-eabi/10.3.1/../../../../arm-none-eabi/lib/thumb/v7e-m+fp/hard\libm.a
LOAD c:/st/stm32cubeide_1.11.0/stm32cubeide/plugins/com.st.stm32cube.ide.mcu.externaltools.gnu-tools-for-stm32.10.3-2021.10.win32_1.0.100.202210260954/tools/bin/../lib/gcc/arm-none-eabi/10.3.1/thumb/v7e-m+fp/hard\libgcc.a

.debug_info     0x0000000000000000     0xf8e4
 .debug_info    0x0000000000000000     0x139a ./Core/Src/main.o
 .debug_info    0x000000000000139a     0x146c ./Core/Src/stm32l4xx_hal_msp.o
 .debug_info    0x0000000000002806      0xcaf ./Core/Src/stm32l4xx_it.o
 .debug_info    0x00000000000034b5      0x6e0 ./Core/Src/syscalls.o
 .debug_info    0x0000000000003b95      0x171 ./Core/Src/sysmem.o
 .debug_info    0x0000000000003d06      0x5c6 ./Core/Src/system_stm32l4xx.o
 .debug_info    0x00000000000042cc       0x22 ./Core/Startup/startup_stm32l476rgtx.o
 .debug_info    0x00000000000042ee      0xc57 ./Drivers/STM32L4xx_HAL_Driver/Src/stm32l4xx_hal.o
 .debug_info    0x0000000000004f45      0xe21 ./Drivers/STM32L4xx_HAL_Driver/Src/stm32l4xx_hal_cortex.o
 .debug_info    0x0000000000005d66      0x821 ./Drivers/STM32L4xx_HAL_Driver/Src/stm32l4xx_hal_gpio.o
 .debug_info    0x0000000000006587      0x950 ./Drivers/STM32L4xx_HAL_Driver/Src/stm32l4xx_hal_pwr.o
 .debug_info    0x0000000000006ed7      0x9f0 ./Drivers/STM32L4xx_HAL_Driver/Src/stm32l4xx_hal_pwr_ex.o
 .debug_info    0x00000000000078c7      0xced ./Drivers/STM32L4xx_HAL_Driver/Src/stm32l4xx_hal_rcc.o
 .debug_info    0x00000000000085b4      0xe92 ./Drivers/STM32L4xx_HAL_Driver/Src/stm32l4xx_hal_rcc_ex.o
 .debug_info    0x0000000000009446      0xea7 ./Drivers/STM32L4xx_HAL_Driver/Src/stm32l4xx_hal_rtc.o
 .debug_info    0x000000000000a2ed     0x1108 ./Drivers/STM32L4xx_HAL_Driver/Src/stm32l4xx_hal_rtc_ex.o
 .debug_info    0x000000000000b3f5     0x2d04 ./Drivers/STM32L4xx_HAL_Driver/Src/stm32l4xx_hal_tim.o
 .debug_info    0x000000000000e0f9     0x17eb ./Drivers/STM32L4xx_HAL_Driver/Src/stm32l4xx_hal_tim_ex.o

.debug_abbrev   0x0000000000000000     0x2327
 .debug_abbrev  0x0000000000000000      0x2ae ./Core/Src/main.o
 .debug_abbrev  0x00000000000002ae      0x1da ./Core/Src/stm32l4xx_hal_msp.o
 .debug_abbrev  0x0000000000000488      0x22c ./Core/Src/stm32l4xx_it.o
 .debug_abbrev  0x00000000000006b4      0x1b3 ./Core/Src/syscalls.o
 .debug_abbrev  0x0000000000000867       0xbb ./Core/Src/sysmem.o
 .debug_abbrev  0x0000000000000922      0x116 ./Core/Src/system_stm32l4xx.o
 .debug_abbrev  0x0000000000000a38       0x12 ./Core/Startup/startup_stm32l476rgtx.o
 .debug_abbrev  0x0000000000000a4a      0x23a ./Drivers/STM32L4xx_HAL_Driver/Src/stm32l4xx_hal.o
 .debug_abbrev  0x0000000000000c84      0x316 ./Drivers/STM32L4xx_HAL_Driver/Src/stm32l4xx_hal_cortex.o
 .debug_abbrev  0x0000000000000f9a      0x1bb ./Drivers/STM32L4xx_HAL_Driver/Src/stm32l4xx_hal_gpio.o
 .debug_abbrev  0x0000000000001155      0x1c9 ./Drivers/STM32L4xx_HAL_Driver/Src/stm32l4xx_hal_pwr.o
 .debug_abbrev  0x000000000000131e      0x1f3 ./Drivers/STM32L4xx_HAL_Driver/Src/stm32l4xx_hal_pwr_ex.o
 .debug_abbrev  0x0000000000001511      0x2bd ./Drivers/STM32L4xx_HAL_Driver/Src/stm32l4xx_hal_rcc.o
 .debug_abbrev  0x00000000000017ce      0x299 ./Drivers/STM32L4xx_HAL_Driver/Src/stm32l4xx_hal_rcc_ex.o
 .debug_abbrev  0x0000000000001a67      0x1f2 ./Drivers/STM32L4xx_HAL_Driver/Src/stm32l4xx_hal_rtc.o
 .debug_abbrev  0x0000000000001c59      0x1fe ./Drivers/STM32L4xx_HAL_Driver/Src/stm32l4xx_hal_rtc_ex.o
 .debug_abbrev  0x0000000000001e57      0x264 ./Drivers/STM32L4xx_HAL_Driver/Src/stm32l4xx_hal_tim.o
 .debug_abbrev  0x00000000000020bb      0x26c ./Drivers/STM32L4xx_HAL_Driver/Src/stm32l4xx_hal_tim_ex.o

.debug_aranges  0x0000000000000000      0xf90
 .debug_aranges
                0x0000000000000000       0x50 ./Core/Src/main.o
 .debug_aranges
                0x0000000000000050       0x40 ./Core/Src/stm32l4xx_hal_msp.o
 .debug_aranges
                0x0000000000000090       0x78 ./Core/Src/stm32l4xx_it.o
 .debug_aranges
                0x0000000000000108       0xa8 ./Core/Src/syscalls.o
 .debug_aranges
                0x00000000000001b0       0x20 ./Core/Src/sysmem.o
 .debug_aranges
                0x00000000000001d0       0x28 ./Core/Src/system_stm32l4xx.o
 .debug_aranges
                0x00000000000001f8       0x28 ./Core/Startup/startup_stm32l476rgtx.o
 .debug_aranges
                0x0000000000000220      0x130 ./Drivers/STM32L4xx_HAL_Driver/Src/stm32l4xx_hal.o
 .debug_aranges
                0x0000000000000350      0x118 ./Drivers/STM32L4xx_HAL_Driver/Src/stm32l4xx_hal_cortex.o
 .debug_aranges
                0x0000000000000468       0x58 ./Drivers/STM32L4xx_HAL_Driver/Src/stm32l4xx_hal_gpio.o
 .debug_aranges
                0x00000000000004c0       0x98 ./Drivers/STM32L4xx_HAL_Driver/Src/stm32l4xx_hal_pwr.o
 .debug_aranges
                0x0000000000000558      0x160 ./Drivers/STM32L4xx_HAL_Driver/Src/stm32l4xx_hal_pwr_ex.o
 .debug_aranges
                0x00000000000006b8       0x90 ./Drivers/STM32L4xx_HAL_Driver/Src/stm32l4xx_hal_rcc.o
 .debug_aranges
                0x0000000000000748       0xc0 ./Drivers/STM32L4xx_HAL_Driver/Src/stm32l4xx_hal_rcc_ex.o
 .debug_aranges
                0x0000000000000808       0xe8 ./Drivers/STM32L4xx_HAL_Driver/Src/stm32l4xx_hal_rtc.o
 .debug_aranges
                0x00000000000008f0      0x140 ./Drivers/STM32L4xx_HAL_Driver/Src/stm32l4xx_hal_rtc_ex.o
 .debug_aranges
                0x0000000000000a30      0x3e0 ./Drivers/STM32L4xx_HAL_Driver/Src/stm32l4xx_hal_tim.o
 .debug_aranges
                0x0000000000000e10      0x180 ./Drivers/STM32L4xx_HAL_Driver/Src/stm32l4xx_hal_tim_ex.o

.debug_ranges   0x0000000000000000      0xe78
 .debug_ranges  0x0000000000000000       0x40 ./Core/Src/main.o
 .debug_ranges  0x0000000000000040       0x30 ./Core/Src/stm32l4xx_hal_msp.o
 .debug_ranges  0x0000000000000070       0x68 ./Core/Src/stm32l4xx_it.o
 .debug_ranges  0x00000000000000d8       0x98 ./Core/Src/syscalls.o
 .debug_ranges  0x0000000000000170       0x10 ./Core/Src/sysmem.o
 .debug_ranges  0x0000000000000180       0x18 ./Core/Src/system_stm32l4xx.o
 .debug_ranges  0x0000000000000198       0x20 ./Core/Startup/startup_stm32l476rgtx.o
 .debug_ranges  0x00000000000001b8      0x120 ./Drivers/STM32L4xx_HAL_Driver/Src/stm32l4xx_hal.o
 .debug_ranges  0x00000000000002d8      0x108 ./Drivers/STM32L4xx_HAL_Driver/Src/stm32l4xx_hal_cortex.o
 .debug_ranges  0x00000000000003e0       0x48 ./Drivers/STM32L4xx_HAL_Driver/Src/stm32l4xx_hal_gpio.o
 .debug_ranges  0x0000000000000428       0x88 ./Drivers/STM32L4xx_HAL_Driver/Src/stm32l4xx_hal_pwr.o
 .debug_ranges  0x00000000000004b0      0x150 ./Drivers/STM32L4xx_HAL_Driver/Src/stm32l4xx_hal_pwr_ex.o
 .debug_ranges  0x0000000000000600       0x80 ./Drivers/STM32L4xx_HAL_Driver/Src/stm32l4xx_hal_rcc.o
 .debug_ranges  0x0000000000000680       0xb0 ./Drivers/STM32L4xx_HAL_Driver/Src/stm32l4xx_hal_rcc_ex.o
 .debug_ranges  0x0000000000000730       0xd8 ./Drivers/STM32L4xx_HAL_Driver/Src/stm32l4xx_hal_rtc.o
 .debug_ranges  0x0000000000000808      0x130 ./Drivers/STM32L4xx_HAL_Driver/Src/stm32l4xx_hal_rtc_ex.o
 .debug_ranges  0x0000000000000938      0x3d0 ./Drivers/STM32L4xx_HAL_Driver/Src/stm32l4xx_hal_tim.o
 .debug_ranges  0x0000000000000d08      0x170 ./Drivers/STM32L4xx_HAL_Driver/Src/stm32l4xx_hal_tim_ex.o

.debug_macro    0x0000000000000000    0x27fed
 .debug_macro   0x0000000000000000      0x1ed ./Core/Src/main.o
 .debug_macro   0x00000000000001ed      0xa78 ./Core/Src/main.o
 .debug_macro   0x0000000000000c65      0x1ad ./Core/Src/main.o
 .debug_macro   0x0000000000000e12       0x2e ./Core/Src/main.o
 .debug_macro   0x0000000000000e40       0x28 ./Core/Src/main.o
 .debug_macro   0x0000000000000e68       0x22 ./Core/Src/main.o
 .debug_macro   0x0000000000000e8a       0x8e ./Core/Src/main.o
 .debug_macro   0x0000000000000f18       0x51 ./Core/Src/main.o
 .debug_macro   0x0000000000000f69      0x103 ./Core/Src/main.o
 .debug_macro   0x000000000000106c       0x6a ./Core/Src/main.o
 .debug_macro   0x00000000000010d6      0x1df ./Core/Src/main.o
 .debug_macro   0x00000000000012b5       0x1c ./Core/Src/main.o
 .debug_macro   0x00000000000012d1       0x22 ./Core/Src/main.o
 .debug_macro   0x00000000000012f3       0xfb ./Core/Src/main.o
 .debug_macro   0x00000000000013ee     0x1011 ./Core/Src/main.o
 .debug_macro   0x00000000000023ff      0x11f ./Core/Src/main.o
 .debug_macro   0x000000000000251e    0x1a17a ./Core/Src/main.o
 .debug_macro   0x000000000001c698       0x6d ./Core/Src/main.o
 .debug_macro   0x000000000001c705     0x38e6 ./Core/Src/main.o
 .debug_macro   0x000000000001ffeb      0x174 ./Core/Src/main.o
 .debug_macro   0x000000000002015f       0x5c ./Core/Src/main.o
 .debug_macro   0x00000000000201bb     0x159e ./Core/Src/main.o
 .debug_macro   0x0000000000021759      0x5a5 ./Core/Src/main.o
 .debug_macro   0x0000000000021cfe      0x1b9 ./Core/Src/main.o
 .debug_macro   0x0000000000021eb7      0x18b ./Core/Src/main.o
 .debug_macro   0x0000000000022042      0x26b ./Core/Src/main.o
 .debug_macro   0x00000000000222ad      0x23d ./Core/Src/main.o
 .debug_macro   0x00000000000224ea      0x241 ./Core/Src/main.o
 .debug_macro   0x000000000002272b      0x37c ./Core/Src/main.o
 .debug_macro   0x0000000000022aa7       0xd6 ./Core/Src/main.o
 .debug_macro   0x0000000000022b7d      0x22c ./Core/Src/main.o
 .debug_macro   0x0000000000022da9       0x61 ./Core/Src/main.o
 .debug_macro   0x0000000000022e0a       0xa5 ./Core/Src/main.o
 .debug_macro   0x0000000000022eaf      0x122 ./Core/Src/main.o
 .debug_macro   0x0000000000022fd1      0x3ef ./Core/Src/main.o
 .debug_macro   0x00000000000233c0      0x31a ./Core/Src/main.o
 .debug_macro   0x00000000000236da      0x4fb ./Core/Src/main.o
 .debug_macro   0x0000000000023bd5       0xe4 ./Core/Src/main.o
 .debug_macro   0x0000000000023cb9      0xa91 ./Core/Src/main.o
 .debug_macro   0x000000000002474a      0x1e6 ./Core/Src/main.o
 .debug_macro   0x0000000000024930      0x330 ./Core/Src/main.o
 .debug_macro   0x0000000000024c60       0x5e ./Core/Src/main.o
 .debug_macro   0x0000000000024cbe      0x1ed ./Core/Src/stm32l4xx_hal_msp.o
 .debug_macro   0x0000000000024eab      0x1f7 ./Core/Src/stm32l4xx_it.o
 .debug_macro   0x00000000000250a2      0x24c ./Core/Src/syscalls.o
 .debug_macro   0x00000000000252ee       0x4c ./Core/Src/syscalls.o
 .debug_macro   0x000000000002533a       0x1e ./Core/Src/syscalls.o
 .debug_macro   0x0000000000025358       0x94 ./Core/Src/syscalls.o
 .debug_macro   0x00000000000253ec       0x3c ./Core/Src/syscalls.o
 .debug_macro   0x0000000000025428       0x34 ./Core/Src/syscalls.o
 .debug_macro   0x000000000002545c       0x57 ./Core/Src/syscalls.o
 .debug_macro   0x00000000000254b3      0x341 ./Core/Src/syscalls.o
 .debug_macro   0x00000000000257f4       0x16 ./Core/Src/syscalls.o
 .debug_macro   0x000000000002580a       0x43 ./Core/Src/syscalls.o
 .debug_macro   0x000000000002584d       0x34 ./Core/Src/syscalls.o
 .debug_macro   0x0000000000025881       0x10 ./Core/Src/syscalls.o
 .debug_macro   0x0000000000025891       0x58 ./Core/Src/syscalls.o
 .debug_macro   0x00000000000258e9       0x71 ./Core/Src/syscalls.o
 .debug_macro   0x000000000002595a       0x1c ./Core/Src/syscalls.o
 .debug_macro   0x0000000000025976      0x12a ./Core/Src/syscalls.o
 .debug_macro   0x0000000000025aa0       0x10 ./Core/Src/syscalls.o
 .debug_macro   0x0000000000025ab0       0x35 ./Core/Src/syscalls.o
 .debug_macro   0x0000000000025ae5       0x10 ./Core/Src/syscalls.o
 .debug_macro   0x0000000000025af5       0x10 ./Core/Src/syscalls.o
 .debug_macro   0x0000000000025b05       0x10 ./Core/Src/syscalls.o
 .debug_macro   0x0000000000025b15       0x1c ./Core/Src/syscalls.o
 .debug_macro   0x0000000000025b31       0x52 ./Core/Src/syscalls.o
 .debug_macro   0x0000000000025b83       0x22 ./Core/Src/syscalls.o
 .debug_macro   0x0000000000025ba5       0x10 ./Core/Src/syscalls.o
 .debug_macro   0x0000000000025bb5       0x52 ./Core/Src/syscalls.o
 .debug_macro   0x0000000000025c07       0xd5 ./Core/Src/syscalls.o
 .debug_macro   0x0000000000025cdc       0x1c ./Core/Src/syscalls.o
 .debug_macro   0x0000000000025cf8       0x3d ./Core/Src/syscalls.o
 .debug_macro   0x0000000000025d35       0x35 ./Core/Src/syscalls.o
 .debug_macro   0x0000000000025d6a      0x12c ./Core/Src/syscalls.o
 .debug_macro   0x0000000000025e96       0x16 ./Core/Src/syscalls.o
 .debug_macro   0x0000000000025eac       0x16 ./Core/Src/syscalls.o
 .debug_macro   0x0000000000025ec2       0x29 ./Core/Src/syscalls.o
 .debug_macro   0x0000000000025eeb       0x10 ./Core/Src/syscalls.o
 .debug_macro   0x0000000000025efb      0x241 ./Core/Src/syscalls.o
 .debug_macro   0x000000000002613c       0x1c ./Core/Src/syscalls.o
 .debug_macro   0x0000000000026158       0x10 ./Core/Src/syscalls.o
 .debug_macro   0x0000000000026168       0x10 ./Core/Src/syscalls.o
 .debug_macro   0x0000000000026178       0x16 ./Core/Src/syscalls.o
 .debug_macro   0x000000000002618e      0x145 ./Core/Src/syscalls.o
 .debug_macro   0x00000000000262d3      0x189 ./Core/Src/syscalls.o
 .debug_macro   0x000000000002645c       0x16 ./Core/Src/syscalls.o
 .debug_macro   0x0000000000026472       0xce ./Core/Src/syscalls.o
 .debug_macro   0x0000000000026540       0xff ./Core/Src/sysmem.o
 .debug_macro   0x000000000002663f      0x23b ./Core/Src/sysmem.o
 .debug_macro   0x000000000002687a      0x1de ./Core/Src/system_stm32l4xx.o
 .debug_macro   0x0000000000026a58      0x22c ./Drivers/STM32L4xx_HAL_Driver/Src/stm32l4xx_hal.o
 .debug_macro   0x0000000000026c84      0x1de ./Drivers/STM32L4xx_HAL_Driver/Src/stm32l4xx_hal_cortex.o
 .debug_macro   0x0000000000026e62      0x1e5 ./Drivers/STM32L4xx_HAL_Driver/Src/stm32l4xx_hal_gpio.o
 .debug_macro   0x0000000000027047      0x1f6 ./Drivers/STM32L4xx_HAL_Driver/Src/stm32l4xx_hal_pwr.o
 .debug_macro   0x000000000002723d      0x202 ./Drivers/STM32L4xx_HAL_Driver/Src/stm32l4xx_hal_pwr_ex.o
 .debug_macro   0x000000000002743f      0x220 ./Drivers/STM32L4xx_HAL_Driver/Src/stm32l4xx_hal_rcc.o
 .debug_macro   0x000000000002765f      0x214 ./Drivers/STM32L4xx_HAL_Driver/Src/stm32l4xx_hal_rcc_ex.o
 .debug_macro   0x0000000000027873      0x1df ./Drivers/STM32L4xx_HAL_Driver/Src/stm32l4xx_hal_rtc.o
 .debug_macro   0x0000000000027a52      0x1de ./Drivers/STM32L4xx_HAL_Driver/Src/stm32l4xx_hal_rtc_ex.o
 .debug_macro   0x0000000000027c30      0x1df ./Drivers/STM32L4xx_HAL_Driver/Src/stm32l4xx_hal_tim.o
 .debug_macro   0x0000000000027e0f      0x1de ./Drivers/STM32L4xx_HAL_Driver/Src/stm32l4xx_hal_tim_ex.o

.debug_line     0x0000000000000000    0x1088d
 .debug_line    0x0000000000000000      0x8b8 ./Core/Src/main.o
 .debug_line    0x00000000000008b8      0x7b5 ./Core/Src/stm32l4xx_hal_msp.o
 .debug_line    0x000000000000106d      0x844 ./Core/Src/stm32l4xx_it.o
 .debug_line    0x00000000000018b1      0x7fe ./Core/Src/syscalls.o
 .debug_line    0x00000000000020af      0x4f4 ./Core/Src/sysmem.o
 .debug_line    0x00000000000025a3      0x78b ./Core/Src/system_stm32l4xx.o
 .debug_line    0x0000000000002d2e       0x88 ./Core/Startup/startup_stm32l476rgtx.o
 .debug_line    0x0000000000002db6      0xae4 ./Drivers/STM32L4xx_HAL_Driver/Src/stm32l4xx_hal.o
 .debug_line    0x000000000000389a      0xc8a ./Drivers/STM32L4xx_HAL_Driver/Src/stm32l4xx_hal_cortex.o
 .debug_line    0x0000000000004524      0xb57 ./Drivers/STM32L4xx_HAL_Driver/Src/stm32l4xx_hal_gpio.o
 .debug_line    0x000000000000507b      0x8c0 ./Drivers/STM32L4xx_HAL_Driver/Src/stm32l4xx_hal_pwr.o
 .debug_line    0x000000000000593b      0xcdb ./Drivers/STM32L4xx_HAL_Driver/Src/stm32l4xx_hal_pwr_ex.o
 .debug_line    0x0000000000006616      0xf5d ./Drivers/STM32L4xx_HAL_Driver/Src/stm32l4xx_hal_rcc.o
 .debug_line    0x0000000000007573     0x149c ./Drivers/STM32L4xx_HAL_Driver/Src/stm32l4xx_hal_rcc_ex.o
 .debug_line    0x0000000000008a0f     0x10f7 ./Drivers/STM32L4xx_HAL_Driver/Src/stm32l4xx_hal_rtc.o
 .debug_line    0x0000000000009b06     0x144e ./Drivers/STM32L4xx_HAL_Driver/Src/stm32l4xx_hal_rtc_ex.o
 .debug_line    0x000000000000af54     0x3d50 ./Drivers/STM32L4xx_HAL_Driver/Src/stm32l4xx_hal_tim.o
 .debug_line    0x000000000000eca4     0x1be9 ./Drivers/STM32L4xx_HAL_Driver/Src/stm32l4xx_hal_tim_ex.o

.debug_str      0x0000000000000000    0xf70b4
 .debug_str     0x0000000000000000    0xedc32 ./Core/Src/main.o
                                      0xedfbd (size before relaxing)
 .debug_str     0x00000000000edc32      0x78d ./Core/Src/stm32l4xx_hal_msp.o
                                      0xee478 (size before relaxing)
 .debug_str     0x00000000000ee3bf      0x188 ./Core/Src/stm32l4xx_it.o
                                      0xedbbf (size before relaxing)
 .debug_str     0x00000000000ee547     0x54ab ./Core/Src/syscalls.o
                                       0x8a7b (size before relaxing)
 .debug_str     0x00000000000f39f2       0x6b ./Core/Src/sysmem.o
                                       0x5db7 (size before relaxing)
 .debug_str     0x00000000000f3a5d       0xf2 ./Core/Src/system_stm32l4xx.o
                                      0xed3b9 (size before relaxing)
 .debug_str     0x00000000000f3b4f       0x36 ./Core/Startup/startup_stm32l476rgtx.o
                                         0x79 (size before relaxing)
 .debug_str     0x00000000000f3b85      0x6ac ./Drivers/STM32L4xx_HAL_Driver/Src/stm32l4xx_hal.o
                                      0xedfb8 (size before relaxing)
 .debug_str     0x00000000000f4231      0x318 ./Drivers/STM32L4xx_HAL_Driver/Src/stm32l4xx_hal_cortex.o
                                      0xedc00 (size before relaxing)
 .debug_str     0x00000000000f4549      0x128 ./Drivers/STM32L4xx_HAL_Driver/Src/stm32l4xx_hal_gpio.o
                                      0xed532 (size before relaxing)
 .debug_str     0x00000000000f4671      0x34b ./Drivers/STM32L4xx_HAL_Driver/Src/stm32l4xx_hal_pwr.o
                                      0xed724 (size before relaxing)
 .debug_str     0x00000000000f49bc      0x3e6 ./Drivers/STM32L4xx_HAL_Driver/Src/stm32l4xx_hal_pwr_ex.o
                                      0xed914 (size before relaxing)
 .debug_str     0x00000000000f4da2      0x345 ./Drivers/STM32L4xx_HAL_Driver/Src/stm32l4xx_hal_rcc.o
                                      0xed9ff (size before relaxing)
 .debug_str     0x00000000000f50e7      0x38c ./Drivers/STM32L4xx_HAL_Driver/Src/stm32l4xx_hal_rcc_ex.o
                                      0xedb78 (size before relaxing)
 .debug_str     0x00000000000f5473      0x33a ./Drivers/STM32L4xx_HAL_Driver/Src/stm32l4xx_hal_rtc.o
                                      0xed844 (size before relaxing)
 .debug_str     0x00000000000f57ad      0x57e ./Drivers/STM32L4xx_HAL_Driver/Src/stm32l4xx_hal_rtc_ex.o
                                      0xedb5f (size before relaxing)
 .debug_str     0x00000000000f5d2b      0xe1d ./Drivers/STM32L4xx_HAL_Driver/Src/stm32l4xx_hal_tim.o
                                      0xee6e9 (size before relaxing)
 .debug_str     0x00000000000f6b48      0x56c ./Drivers/STM32L4xx_HAL_Driver/Src/stm32l4xx_hal_tim_ex.o
                                      0xee00d (size before relaxing)

.comment        0x0000000000000000       0x50
 .comment       0x0000000000000000       0x50 ./Core/Src/main.o
                                         0x51 (size before relaxing)
 .comment       0x0000000000000050       0x51 ./Core/Src/stm32l4xx_hal_msp.o
 .comment       0x0000000000000050       0x51 ./Core/Src/stm32l4xx_it.o
 .comment       0x0000000000000050       0x51 ./Core/Src/syscalls.o
 .comment       0x0000000000000050       0x51 ./Core/Src/sysmem.o
 .comment       0x0000000000000050       0x51 ./Core/Src/system_stm32l4xx.o
 .comment       0x0000000000000050       0x51 ./Drivers/STM32L4xx_HAL_Driver/Src/stm32l4xx_hal.o
 .comment       0x0000000000000050       0x51 ./Drivers/STM32L4xx_HAL_Driver/Src/stm32l4xx_hal_cortex.o
 .comment       0x0000000000000050       0x51 ./Drivers/STM32L4xx_HAL_Driver/Src/stm32l4xx_hal_gpio.o
 .comment       0x0000000000000050       0x51 ./Drivers/STM32L4xx_HAL_Driver/Src/stm32l4xx_hal_pwr.o
 .comment       0x0000000000000050       0x51 ./Drivers/STM32L4xx_HAL_Driver/Src/stm32l4xx_hal_pwr_ex.o
 .comment       0x0000000000000050       0x51 ./Drivers/STM32L4xx_HAL_Driver/Src/stm32l4xx_hal_rcc.o
 .comment       0x0000000000000050       0x51 ./Drivers/STM32L4xx_HAL_Driver/Src/stm32l4xx_hal_rcc_ex.o
 .comment       0x0000000000000050       0x51 ./Drivers/STM32L4xx_HAL_Driver/Src/stm32l4xx_hal_rtc.o
 .comment       0x0000000000000050       0x51 ./Drivers/STM32L4xx_HAL_Driver/Src/stm32l4xx_hal_rtc_ex.o
 .comment       0x0000000000000050       0x51 ./Drivers/STM32L4xx_HAL_Driver/Src/stm32l4xx_hal_tim.o
 .comment       0x0000000000000050       0x51 ./Drivers/STM32L4xx_HAL_Driver/Src/stm32l4xx_hal_tim_ex.o

.debug_frame    0x0000000000000000     0x4810
 .debug_frame   0x0000000000000000       0xf0 ./Core/Src/main.o
 .debug_frame   0x00000000000000f0       0xc8 ./Core/Src/stm32l4xx_hal_msp.o
 .debug_frame   0x00000000000001b8      0x158 ./Core/Src/stm32l4xx_it.o
 .debug_frame   0x0000000000000310      0x2ac ./Core/Src/syscalls.o
 .debug_frame   0x00000000000005bc       0x34 ./Core/Src/sysmem.o
 .debug_frame   0x00000000000005f0       0x58 ./Core/Src/system_stm32l4xx.o
 .debug_frame   0x0000000000000648      0x498 ./Drivers/STM32L4xx_HAL_Driver/Src/stm32l4xx_hal.o
 .debug_frame   0x0000000000000ae0      0x498 ./Drivers/STM32L4xx_HAL_Driver/Src/stm32l4xx_hal_cortex.o
 .debug_frame   0x0000000000000f78      0x14c ./Drivers/STM32L4xx_HAL_Driver/Src/stm32l4xx_hal_gpio.o
 .debug_frame   0x00000000000010c4      0x230 ./Drivers/STM32L4xx_HAL_Driver/Src/stm32l4xx_hal_pwr.o
 .debug_frame   0x00000000000012f4      0x584 ./Drivers/STM32L4xx_HAL_Driver/Src/stm32l4xx_hal_pwr_ex.o
 .debug_frame   0x0000000000001878      0x21c ./Drivers/STM32L4xx_HAL_Driver/Src/stm32l4xx_hal_rcc.o
 .debug_frame   0x0000000000001a94      0x2fc ./Drivers/STM32L4xx_HAL_Driver/Src/stm32l4xx_hal_rcc_ex.o
 .debug_frame   0x0000000000001d90      0x3f4 ./Drivers/STM32L4xx_HAL_Driver/Src/stm32l4xx_hal_rtc.o
 .debug_frame   0x0000000000002184      0x598 ./Drivers/STM32L4xx_HAL_Driver/Src/stm32l4xx_hal_rtc_ex.o
 .debug_frame   0x000000000000271c     0x121c ./Drivers/STM32L4xx_HAL_Driver/Src/stm32l4xx_hal_tim.o
 .debug_frame   0x0000000000003938      0x6b0 ./Drivers/STM32L4xx_HAL_Driver/Src/stm32l4xx_hal_tim_ex.o
 .debug_frame   0x0000000000003fe8       0x20 c:/st/stm32cubeide_1.11.0/stm32cubeide/plugins/com.st.stm32cube.ide.mcu.externaltools.gnu-tools-for-stm32.10.3-2021.10.win32_1.0.100.202210260954/tools/bin/../lib/gcc/arm-none-eabi/10.3.1/../../../../arm-none-eabi/lib/thumb/v7e-m+fp/hard\libc_nano.a(lib_a-errno.o)
 .debug_frame   0x0000000000004008       0x2c c:/st/stm32cubeide_1.11.0/stm32cubeide/plugins/com.st.stm32cube.ide.mcu.externaltools.gnu-tools-for-stm32.10.3-2021.10.win32_1.0.100.202210260954/tools/bin/../lib/gcc/arm-none-eabi/10.3.1/../../../../arm-none-eabi/lib/thumb/v7e-m+fp/hard\libc_nano.a(lib_a-init.o)
 .debug_frame   0x0000000000004034       0x20 c:/st/stm32cubeide_1.11.0/stm32cubeide/plugins/com.st.stm32cube.ide.mcu.externaltools.gnu-tools-for-stm32.10.3-2021.10.win32_1.0.100.202210260954/tools/bin/../lib/gcc/arm-none-eabi/10.3.1/../../../../arm-none-eabi/lib/thumb/v7e-m+fp/hard\libc_nano.a(lib_a-memset.o)